Component: ARM Compiler 5.05 update 2 (build 169) Tool: armlink [4d0f33]

==============================================================================

Section Cross References

    main.o(.text) refers to cmsis_os.o(.text) for osDelay
    main.o(.text) refers to memseta.o(.text) for __aeabi_memset
    main.o(.text) refers to printf5.o(i.__0printf$5) for __2printf
    main.o(.text) refers to mhscpu_dma.o(.text) for DMA_Init
    main.o(.text) refers to mhscpu_timer.o(.text) for TIM_Init
    main.o(.text) refers to mhscpu_spi.o(.text) for SPI_DeInit
    main.o(.text) refers to mhscpu_bpk.o(.text) for BPK_IsReady
    main.o(.text) refers to mhscpu_crc.o(.text) for CRC_Calc
    main.o(.text) refers to mhscpu_exti.o(.text) for EXTI_DeInit
    main.o(.text) refers to mhscpu_rtc.o(.text) for RTC_IsReady
    main.o(.text) refers to mhscpu_sensor.o(.text) for SENSOR_ClearITPendingBit
    main.o(.text) refers to mhscpu_trng.o(.text) for TRNG_SetPseudoRandom
    main.o(.text) refers to mhscpu_ssc.o(.text) for SSC_GetITStatus
    main.o(.text) refers to mhscpu_gpio.o(.text) for GPIO_PinRemapConfig
    main.o(.text) refers to mhscpu_uart.o(.text) for UART_Init
    main.o(.text) refers to mhscpu_sysctrl.o(.text) for SYSCTRL_SYSCLKSourceSelect
    main.o(.text) refers to memcpya.o(.text) for __aeabi_memcpy4
    main.o(.text) refers to main.o(.bss) for test_buffer
    main.o(.text) refers to main.o(.data) for TIM_InitStruct
    main.o(.text) refers to system_mhscpu.o(.data) for SystemCoreClock
    main.o(.text) refers to main.o(.constdata) for .constdata
    main.o(ram) refers to cmsis_os.o(.text) for osDelay
    main.o(ram) refers to printf5.o(i.__0printf$5) for __2printf
    main.o(ram) refers to mhscpu_gpio.o(.text) for GPIO_SetBits
    main.o(ram) refers to main.o(.constdata) for data_test
    main.o(.constdata) refers to main.o(.conststring) for .conststring
    main.o(.constdata) refers to main.o(.text) for StartDefaultTask
    main.o(.constdata) refers to main.o(ram) for StartDefaultTask1
    mhunt_it.o(.text) refers to cmsis_os.o(.text) for osSystickHandler
    mhunt_it.o(.text) refers to mhunt_it.o(.data) for uwTick
    startup_mhscpu.o(RESET) refers to startup_mhscpu.o(STACK) for __initial_sp
    startup_mhscpu.o(RESET) refers to startup_mhscpu.o(.text) for Reset_Handler
    startup_mhscpu.o(RESET) refers to mhunt_it.o(.text) for NMI_Handler
    startup_mhscpu.o(RESET) refers to port.o(.emb_text) for SVC_Handler
    startup_mhscpu.o(.text) refers to startup_mhscpu.o(RESET) for __Vectors
    startup_mhscpu.o(.text) refers to system_mhscpu.o(.text) for SystemInit
    startup_mhscpu.o(.text) refers to entry.o(.ARM.Collect$$$$00000000) for __main
    misc.o(.text) refers to main.o(.text) for assert_failed
    mhscpu_sysctrl.o(.text) refers to main.o(.text) for assert_failed
    mhscpu_sysctrl.o(.text) refers to mhscpu_sysctrl.o(.emb_text) for __asm___16_mhscpu_sysctrl_c_220ebcab__SYSCTRL_Sleep
    mhscpu_gpio.o(.text) refers to memcpya.o(.text) for __aeabi_memcpy4
    mhscpu_gpio.o(.text) refers to main.o(.text) for assert_failed
    mhscpu_gpio.o(.text) refers to mhscpu_sysctrl.o(.text) for SYSCTRL_APBPeriphResetCmd
    mhscpu_gpio.o(.text) refers to mhscpu_gpio.o(.constdata) for .constdata
    mhscpu_gpio.o(.text) refers to mhscpu_gpio.o(.bss) for GPIO_OD_Mark
    mhscpu_uart.o(.text) refers to main.o(.text) for assert_failed
    mhscpu_uart.o(.text) refers to mhscpu_sysctrl.o(.text) for SYSCTRL_APBPeriphResetCmd
    mhscpu_timer.o(.text) refers to mhscpu_sysctrl.o(.text) for SYSCTRL_APBPeriphResetCmd
    mhscpu_timer.o(.text) refers to main.o(.text) for assert_failed
    mhscpu_spi.o(.text) refers to mhscpu_sysctrl.o(.text) for SYSCTRL_APBPeriphResetCmd
    mhscpu_spi.o(.text) refers to main.o(.text) for assert_failed
    mhscpu_adc.o(.text) refers to main.o(.text) for assert_failed
    mhscpu_bpk.o(.text) refers to main.o(.text) for assert_failed
    mhscpu_exti.o(.text) refers to main.o(.text) for assert_failed
    mhscpu_rtc.o(.text) refers to main.o(.text) for assert_failed
    mhscpu_sensor.o(.text) refers to main.o(.text) for assert_failed
    mhscpu_trng.o(.text) refers to main.o(.text) for assert_failed
    mhscpu_trng.o(.text) refers to mhscpu_trng.o(.constdata) for TRNG_RNG_CSR_S128_Mask
    mhscpu_ssc.o(.text) refers to main.o(.text) for assert_failed
    system_mhscpu.o(.text) refers to system_mhscpu.o(.data) for SystemCoreClock
    cmsis_os.o(.text) refers to tasks.o(.text) for vTaskStartScheduler
    cmsis_os.o(.text) refers to port.o(.text) for vPortYield
    cmsis_os.o(.text) refers to queue.o(.text) for xQueueCreateMutex
    cmsis_os.o(.text) refers to heap_4.o(.text) for pvPortMalloc
    cmsis_os.o(.text) refers to port.o(.emb_text) for ulPortSetInterruptMask
    queue.o(.text) refers to port.o(.text) for privilegedASSERT
    queue.o(.text) refers to port.o(.emb_text) for ulPortSetInterruptMask
    queue.o(.text) refers to tasks.o(.text) for xTaskRemoveFromEventList
[...]
    printf6.o(i.__0sprintf$6) refers to printf6.o(i._printf_core) for _printf_core
    printf6.o(i.__0sprintf$6) refers to printf6.o(i._sputc) for _sputc
    printf6.o(i.__0vfprintf$6) refers to printf6.o(i._printf_core) for _printf_core
    printf6.o(i.__0vfprintf$6) refers to main.o(.text) for fputc
    printf6.o(i.__0vprintf$6) refers to printf6.o(i._printf_core) for _printf_core
    printf6.o(i.__0vprintf$6) refers to main.o(.text) for fputc
    printf6.o(i.__0vprintf$6) refers to stdout.o(.data) for __stdout
    printf6.o(i.__0vsnprintf$6) refers to printf6.o(i._printf_core) for _printf_core
    printf6.o(i.__0vsnprintf$6) refers to printf6.o(i._snputc) for _snputc
    printf6.o(i.__0vsprintf$6) refers to printf6.o(i._printf_core) for _printf_core
    printf6.o(i.__0vsprintf$6) refers to printf6.o(i._sputc) for _sputc
    printf6.o(i._printf_core) refers to printf6.o(i._printf_pre_padding) for _printf_pre_padding
    printf6.o(i._printf_core) refers to uidiv.o(.text) for __aeabi_uidivmod
    printf6.o(i._printf_core) refers to printf6.o(i._printf_post_padding) for _printf_post_padding
    printf7.o(i.__0fprintf$7) refers to printf7.o(i._printf_core) for _printf_core
    printf7.o(i.__0fprintf$7) refers to main.o(.text) for fputc
    printf7.o(i.__0printf$7) refers to printf7.o(i._printf_core) for _printf_core
    printf7.o(i.__0printf$7) refers to main.o(.text) for fputc
    printf7.o(i.__0printf$7) refers to stdout.o(.data) for __stdout
    printf7.o(i.__0snprintf$7) refers to printf7.o(i._printf_core) for _printf_core
    printf7.o(i.__0snprintf$7) refers to printf7.o(i._snputc) for _snputc
    printf7.o(i.__0sprintf$7) refers to printf7.o(i._printf_core) for _printf_core
    printf7.o(i.__0sprintf$7) refers to printf7.o(i._sputc) for _sputc
    printf7.o(i.__0vfprintf$7) refers to printf7.o(i._printf_core) for _printf_core
    printf7.o(i.__0vfprintf$7) refers to main.o(.text) for fputc
    printf7.o(i.__0vprintf$7) refers to printf7.o(i._printf_core) for _printf_core
    printf7.o(i.__0vprintf$7) refers to main.o(.text) for fputc
    printf7.o(i.__0vprintf$7) refers to stdout.o(.data) for __stdout
    printf7.o(i.__0vsnprintf$7) refers to printf7.o(i._printf_core) for _printf_core
    printf7.o(i.__0vsnprintf$7) refers to printf7.o(i._snputc) for _snputc
    printf7.o(i.__0vsprintf$7) refers to printf7.o(i._printf_core) for _printf_core
    printf7.o(i.__0vsprintf$7) refers to printf7.o(i._sputc) for _sputc
    printf7.o(i._printf_core) refers to printf7.o(i._printf_pre_padding) for _printf_pre_padding
    printf7.o(i._printf_core) refers to uldiv.o(.text) for __aeabi_uldivmod
    printf7.o(i._printf_core) refers to printf7.o(i._printf_post_padding) for _printf_post_padding
    printf8.o(i.__0fprintf$8) refers to printf8.o(i._printf_core) for _printf_core
    printf8.o(i.__0fprintf$8) refers to main.o(.text) for fputc
    printf8.o(i.__0printf$8) refers to printf8.o(i._printf_core) for _printf_core
    printf8.o(i.__0printf$8) refers to main.o(.text) for fputc
    printf8.o(i.__0printf$8) refers to stdout.o(.data) for __stdout
    printf8.o(i.__0snprintf$8) refers to printf8.o(i._printf_core) for _printf_core
    printf8.o(i.__0snprintf$8) refers to printf8.o(i._snputc) for _snputc
    printf8.o(i.__0sprintf$8) refers to printf8.o(i._printf_core) for _printf_core
    printf8.o(i.__0sprintf$8) refers to printf8.o(i._sputc) for _sputc
    printf8.o(i.__0vfprintf$8) refers to printf8.o(i._printf_core) for _printf_core
    printf8.o(i.__0vfprintf$8) refers to main.o(.text) for fputc
    printf8.o(i.__0vprintf$8) refers to printf8.o(i._printf_core) for _printf_core
    printf8.o(i.__0vprintf$8) refers to main.o(.text) for fputc
    printf8.o(i.__0vprintf$8) refers to stdout.o(.data) for __stdout
    printf8.o(i.__0vsnprintf$8) refers to printf8.o(i._printf_core) for _printf_core
    printf8.o(i.__0vsnprintf$8) refers to printf8.o(i._snputc) for _snputc
    printf8.o(i.__0vsprintf$8) refers to printf8.o(i._printf_core) for _printf_core
    printf8.o(i.__0vsprintf$8) refers to printf8.o(i._sputc) for _sputc
    printf8.o(i._printf_core) refers to printf8.o(i._printf_pre_padding) for _printf_pre_padding
    printf8.o(i._printf_core) refers to uldiv.o(.text) for __aeabi_uldivmod
    printf8.o(i._printf_core) refers to printf8.o(i._printf_post_padding) for _printf_post_padding
    printfa.o(i.__0fprintf) refers (Special) to iusefp.o(.text) for __I$use$fp
    printfa.o(i.__0fprintf) refers to printfa.o(i._printf_core) for _printf_core
    printfa.o(i.__0fprintf) refers to main.o(.text) for fputc
    printfa.o(i.__0printf) refers (Special) to iusefp.o(.text) for __I$use$fp
    printfa.o(i.__0printf) refers to printfa.o(i._printf_core) for _printf_core
    printfa.o(i.__0printf) refers to main.o(.text) for fputc
    printfa.o(i.__0printf) refers to stdout.o(.data) for __stdout
    printfa.o(i.__0snprintf) refers (Special) to iusefp.o(.text) for __I$use$fp
    printfa.o(i.__0snprintf) refers to printfa.o(i._printf_core) for _printf_core
    printfa.o(i.__0snprintf) refers to printfa.o(i._snputc) for _snputc
    printfa.o(i.__0sprintf) refers (Special) to iusefp.o(.text) for __I$use$fp
    printfa.o(i.__0sprintf) refers to printfa.o(i._printf_core) for _printf_core
    printfa.o(i.__0sprintf) refers to printfa.o(i._sputc) for _sputc
    printfa.o(i.__0vfprintf) refers (Special) to iusefp.o(.text) for __I$use$fp
    printfa.o(i.__0vfprintf) refers to printfa.o(i._printf_core) for _printf_core
    printfa.o(i.__0vfprintf) refers to main.o(.text) for fputc
    printfa.o(i.__0vprintf) refers (Special) to iusefp.o(.text) for __I$use$fp
    printfa.o(i.__0vprintf) refers to printfa.o(i._printf_core) for _printf_core
    printfa.o(i.__0vprintf) refers to main.o(.text) for fputc
    printfa.o(i.__0vprintf) refers to stdout.o(.data) for __stdout
    printfa.o(i.__0vsnprintf) refers (Special) to iusefp.o(.text) for __I$use$fp
    printfa.o(i.__0vsnprintf) refers to printfa.o(i._printf_core) for _printf_core
    printfa.o(i.__0vsnprintf) refers to printfa.o(i._snputc) for _snputc
    printfa.o(i.__0vsprintf) refers (Special) to iusefp.o(.text) for __I$use$fp
    printfa.o(i.__0vsprintf) refers to printfa.o(i._printf_core) for _printf_core
    printfa.o(i.__0vsprintf) refers to printfa.o(i._sputc) for _sputc
    printfa.o(i._fp_digits) refers (Special) to iusefp.o(.text) for __I$use$fp
    printfa.o(i._fp_digits) refers to dmul.o(.text) for __aeabi_dmul
    printfa.o(i._fp_digits) refers to ddiv.o(.text) for __aeabi_ddiv
    printfa.o(i._fp_digits) refers to cdrcmple.o(.text) for __aeabi_cdrcmple
    printfa.o(i._fp_digits) refers to dadd.o(.text) for __aeabi_dadd
    printfa.o(i._fp_digits) refers to dfixul.o(.text) for __aeabi_d2ulz
    printfa.o(i._fp_digits) refers to uldiv.o(.text) for __aeabi_uldivmod
    printfa.o(i._printf_core) refers (Special) to iusefp.o(.text) for __I$use$fp
    printfa.o(i._printf_core) refers to printfa.o(i._printf_pre_padding) for _printf_pre_padding
    printfa.o(i._printf_core) refers to uldiv.o(.text) for __aeabi_uldivmod
    printfa.o(i._printf_core) refers to printfa.o(i._printf_post_padding) for _printf_post_padding
    printfa.o(i._printf_core) refers to printfa.o(i._fp_digits) for _fp_digits
    printfa.o(i._printf_core) refers to uidiv.o(.text) for __aeabi_uidivmod
    printfa.o(i._printf_post_padding) refers (Special) to iusefp.o(.text) for __I$use$fp
    printfa.o(i._printf_pre_padding) refers (Special) to iusefp.o(.text) for __I$use$fp
    printfa.o(i._snputc) refers (Special) to iusefp.o(.text) for __I$use$fp
    printfa.o(i._sputc) refers (Special) to iusefp.o(.text) for __I$use$fp
    entry2.o(.ARM.Collect$$$$00000001) refers to entry2.o(.ARM.Collect$$$$00002712) for __lit__00000000
    entry2.o(.ARM.Collect$$$$00002712) refers to startup_mhscpu.o(STACK) for __initial_sp
    entry2.o(__vectab_stack_and_reset_area) refers to startup_mhscpu.o(STACK) for __initial_sp
    entry2.o(__vectab_stack_and_reset_area) refers to entry.o(.ARM.Collect$$$$00000000) for __main
    entry5.o(.ARM.Collect$$$$00000004) refers to init.o(.text) for __scatterload
    entry9a.o(.ARM.Collect$$$$0000000B) refers to main.o(.text) for main
    entry9b.o(.ARM.Collect$$$$0000000C) refers to main.o(.text) for main
    uldiv.o(.text) refers to llushr.o(.text) for __aeabi_llsr
    uldiv.o(.text) refers to llshl.o(.text) for __aeabi_llsl
    dadd.o(.text) refers to llshl.o(.text) for __aeabi_llsl
    dadd.o(.text) refers to llsshr.o(.text) for __aeabi_lasr
    dadd.o(.text) refers to depilogue.o(.text) for _double_epilogue
    dmul.o(.text) refers to depilogue.o(.text) for _double_epilogue
    ddiv.o(.text) refers to depilogue.o(.text) for _double_round
    dfixul.o(.text) refers to llushr.o(.text) for __aeabi_llsr
    dfixul.o(.text) refers to llshl.o(.text) for __aeabi_llsl
    init.o(.text) refers to entry5.o(.ARM.Collect$$$$00000004) for __main_after_scatterload
    depilogue.o(.text) refers to llshl.o(.text) for __aeabi_llsl
    depilogue.o(.text) refers to llushr.o(.text) for __aeabi_llsr


==============================================================================

Removing Unused input sections from the image.

    Removing main.o(.rev16_text), (4 bytes).
    Removing main.o(.revsh_text), (4 bytes).
    Removing main.o(.rrx_text), (6 bytes).
    Removing mhunt_it.o(.rev16_text), (4 bytes).
    Removing mhunt_it.o(.revsh_text), (4 bytes).
    Removing mhunt_it.o(.rrx_text), (6 bytes).
    Removing startup_mhscpu.o(HEAP), (32768 bytes).
    Removing misc.o(.rev16_text), (4 bytes).
    Removing misc.o(.revsh_text), (4 bytes).
    Removing misc.o(.rrx_text), (6 bytes).
    Removing misc.o(.text), (552 bytes).
    Removing mhscpu_sysctrl.o(.rev16_text), (4 bytes).
    Removing mhscpu_sysctrl.o(.revsh_text), (4 bytes).
    Removing mhscpu_sysctrl.o(.rrx_text), (6 bytes).
    Removing mhscpu_gpio.o(.rev16_text), (4 bytes).
    Removing mhscpu_gpio.o(.revsh_text), (4 bytes).
    Removing mhscpu_gpio.o(.rrx_text), (6 bytes).
    Removing mhscpu_uart.o(.rev16_text), (4 bytes).
    Removing mhscpu_uart.o(.revsh_text), (4 bytes).
    Removing mhscpu_uart.o(.rrx_text), (6 bytes).
    Removing mhscpu_dma.o(.rev16_text), (4 bytes).
    Removing mhscpu_dma.o(.revsh_text), (4 bytes).
    Removing mhscpu_dma.o(.rrx_text), (6 bytes).
    Removing mhscpu_timer.o(.rev16_text), (4 bytes).
    Removing mhscpu_timer.o(.revsh_text), (4 bytes).
    Removing mhscpu_timer.o(.rrx_text), (6 bytes).
    Removing mhscpu_spi.o(.rev16_text), (4 bytes).
    Removing mhscpu_spi.o(.revsh_text), (4 bytes).
    Removing mhscpu_spi.o(.rrx_text), (6 bytes).
    Removing mhscpu_adc.o(.rev16_text), (4 bytes).
    Removing mhscpu_adc.o(.revsh_text), (4 bytes).
    Removing mhscpu_adc.o(.rrx_text), (6 bytes).
    Removing mhscpu_adc.o(.text), (624 bytes).
    Removing mhscpu_bpk.o(.rev16_text), (4 bytes).
    Removing mhscpu_bpk.o(.revsh_text), (4 bytes).
    Removing mhscpu_bpk.o(.rrx_text), (6 bytes).
    Removing mhscpu_crc.o(.rev16_text), (4 bytes).
    Removing mhscpu_crc.o(.revsh_text), (4 bytes).
    Removing mhscpu_crc.o(.rrx_text), (6 bytes).
    Removing mhscpu_exti.o(.rev16_text), (4 bytes).
    Removing mhscpu_exti.o(.revsh_text), (4 bytes).
    Removing mhscpu_exti.o(.rrx_text), (6 bytes).
    Removing mhscpu_rtc.o(.rev16_text), (4 bytes).
    Removing mhscpu_rtc.o(.revsh_text), (4 bytes).
    Removing mhscpu_rtc.o(.rrx_text), (6 bytes).
    Removing mhscpu_sensor.o(.rev16_text), (4 bytes).
    Removing mhscpu_sensor.o(.revsh_text), (4 bytes).
    Removing mhscpu_sensor.o(.rrx_text), (6 bytes).
    Removing mhscpu_trng.o(.rev16_text), (4 bytes).
    Removing mhscpu_trng.o(.revsh_text), (4 bytes).
    Removing mhscpu_trng.o(.rrx_text), (6 bytes).
    Removing mhscpu_ssc.o(.rev16_text), (4 bytes).
    Removing mhscpu_ssc.o(.revsh_text), (4 bytes).
    Removing mhscpu_ssc.o(.rrx_text), (6 bytes).
    Removing system_mhscpu.o(.rev16_text), (4 bytes).
    Removing system_mhscpu.o(.revsh_text), (4 bytes).
    Removing system_mhscpu.o(.rrx_text), (6 bytes).
    Removing cmsis_os.o(.rev16_text), (4 bytes).
    Removing cmsis_os.o(.revsh_text), (4 bytes).
    Removing event_groups.o(.text), (1012 bytes).
    Removing port.o(.rev16_text), (4 bytes).
    Removing port.o(.revsh_text), (4 bytes).
    Removing port.o(.rrx_text), (6 bytes).
    Removing dadd.o(.text), (334 bytes).
    Removing dmul.o(.text), (228 bytes).
    Removing ddiv.o(.text), (222 bytes).
    Removing dfixul.o(.text), (48 bytes).
    Removing cdrcmple.o(.text), (48 bytes).
    Removing depilogue.o(.text), (186 bytes).

69 unused section(s) (total 36296 bytes) removed from the image.

==============================================================================

Image Symbol Table

    Local Symbols

    Symbol Name                              Value     Ov Type        Size  Object(Section)

    RESET                                    0x00000000   Section      268  startup_mhscpu.o(RESET)
    ../clib/microlib/division.c              0x00000000   Number         0  uidiv.o ABSOLUTE
    ../clib/microlib/division.c              0x00000000   Number         0  uldiv.o ABSOLUTE
    ../clib/microlib/init/entry.s            0x00000000   Number         0  entry8a.o ABSOLUTE
    ../clib/microlib/init/entry.s            0x00000000   Number         0  entry11a.o ABSOLUTE
    ../clib/microlib/init/entry.s            0x00000000   Number         0  entry7b.o ABSOLUTE
    ../clib/microlib/init/entry.s            0x00000000   Number         0  entry.o ABSOLUTE
    ../clib/microlib/init/entry.s            0x00000000   Number         0  entry11b.o ABSOLUTE
    ../clib/microlib/init/entry.s            0x00000000   Number         0  entry7a.o ABSOLUTE
    ../clib/microlib/init/entry.s            0x00000000   Number         0  entry5.o ABSOLUTE
    ../clib/microlib/init/entry.s            0x00000000   Number         0  entry2.o ABSOLUTE
    ../clib/microlib/init/entry.s            0x00000000   Number         0  entry10b.o ABSOLUTE
    ../clib/microlib/init/entry.s            0x00000000   Number         0  entry8b.o ABSOLUTE
    ../clib/microlib/init/entry.s            0x00000000   Number         0  entry9a.o ABSOLUTE
    ../clib/microlib/init/entry.s            0x00000000   Number         0  entry9b.o ABSOLUTE
    ../clib/microlib/init/entry.s            0x00000000   Number         0  entry10a.o ABSOLUTE
    ../clib/microlib/longlong.c              0x00000000   Number         0  llshl.o ABSOLUTE
    ../clib/microlib/longlong.c              0x00000000   Number         0  llushr.o ABSOLUTE
    ../clib/microlib/longlong.c              0x00000000   Number         0  llsshr.o ABSOLUTE
    ../clib/microlib/printf/printf.c         0x00000000   Number         0  printf5.o ABSOLUTE
    ../clib/microlib/printf/printf.c         0x00000000   Number         0  printf6.o ABSOLUTE
    ../clib/microlib/printf/printf.c         0x00000000   Number         0  printf8.o ABSOLUTE
    ../clib/microlib/printf/printf.c         0x00000000   Number         0  printfa.o ABSOLUTE
    ../clib/microlib/printf/printf.c         0x00000000   Number         0  printf7.o ABSOLUTE
    ../clib/microlib/printf/printf.c         0x00000000   Number         0  printfb.o ABSOLUTE
    ../clib/microlib/printf/printf.c         0x00000000   Number         0  printf0.o ABSOLUTE
    ../clib/microlib/printf/printf.c         0x00000000   Number         0  printf1.o ABSOLUTE
    ../clib/microlib/printf/printf.c         0x00000000   Number         0  printf2.o ABSOLUTE
    ../clib/microlib/printf/printf.c         0x00000000   Number         0  printf3.o ABSOLUTE
    ../clib/microlib/printf/printf.c         0x00000000   Number         0  printf4.o ABSOLUTE
    ../clib/microlib/printf/stubs.s          0x00000000   Number         0  stubs.o ABSOLUTE
    ../clib/microlib/stdio/streams.c         0x00000000   Number         0  stdout.o ABSOLUTE
    ../clib/microlib/string/memcpy.c         0x00000000   Number         0  memcpya.o ABSOLUTE
    ../clib/microlib/string/memcpy.c         0x00000000   Number         0  memcpyb.o ABSOLUTE
    ../clib/microlib/string/memset.c         0x00000000   Number         0  memseta.o ABSOLUTE
    ../clib/microlib/stubs.s                 0x00000000   Number         0  iusefp.o ABSOLUTE
    ../fplib/microlib/fpadd.c                0x00000000   Number         0  dadd.o ABSOLUTE
    ../fplib/microlib/fpdiv.c                0x00000000   Number         0  ddiv.o ABSOLUTE
    ../fplib/microlib/fpepilogue.c           0x00000000   Number         0  depilogue.o ABSOLUTE
    ../fplib/microlib/fpfix.c                0x00000000   Number         0  dfixul.o ABSOLUTE
    ../fplib/microlib/fpmul.c                0x00000000   Number         0  dmul.o ABSOLUTE
    ..\..\..\..\Libraries\Device\MegaHunt\mhscpu\Source\ARM\startup_mhscpu.s 0x00000000   Number         0  startup_mhscpu.o ABSOLUTE
    ..\..\..\..\Libraries\Device\MegaHunt\mhscpu\Source\system_mhscpu.c 0x00000000   Number         0  system_mhscpu.o ABSOLUTE
    ..\..\..\..\Libraries\MHSCPU_Driver\src\mhscpu_adc.c 0x00000000   Number         0  mhscpu_adc.o ABSOLUTE
    ..\..\..\..\Libraries\MHSCPU_Driver\src\mhscpu_bpk.c 0x00000000   Number         0  mhscpu_bpk.o ABSOLUTE
    ..\..\..\..\Libraries\MHSCPU_Driver\src\mhscpu_crc.c 0x00000000   Number         0  mhscpu_crc.o ABSOLUTE
    ..\..\..\..\Libraries\MHSCPU_Driver\src\mhscpu_dma.c 0x00000000   Number         0  mhscpu_dma.o ABSOLUTE
    ..\..\..\..\Libraries\MHSCPU_Driver\src\mhscpu_exti.c 0x00000000   Number         0  mhscpu_exti.o ABSOLUTE
    ..\..\..\..\Libraries\MHSCPU_Driver\src\mhscpu_gpio.c 0x00000000   Number         0  mhscpu_gpio.o ABSOLUTE
    ..\..\..\..\Libraries\MHSCPU_Driver\src\mhscpu_rtc.c 0x00000000   Number         0  mhscpu_rtc.o ABSOLUTE
    ..\..\..\..\Libraries\MHSCPU_Driver\src\mhscpu_sensor.c 0x00000000   Number         0  mhscpu_sensor.o ABSOLUTE
    ..\..\..\..\Libraries\MHSCPU_Driver\src\mhscpu_spi.c 0x00000000   Number         0  mhscpu_spi.o ABSOLUTE
    ..\..\..\..\Libraries\MHSCPU_Driver\src\mhscpu_ssc.c 0x00000000   Number         0  mhscpu_ssc.o ABSOLUTE
    ..\..\..\..\Libraries\MHSCPU_Driver\src\mhscpu_sysctrl.c 0x00000000   Number         0  mhscpu_sysctrl.o ABSOLUTE
    ..\..\..\..\Libraries\MHSCPU_Driver\src\mhscpu_timer.c 0x00000000   Number         0  mhscpu_timer.o ABSOLUTE
    ..\..\..\..\Libraries\MHSCPU_Driver\src\mhscpu_trng.c 0x00000000   Number         0  mhscpu_trng.o ABSOLUTE
    ..\..\..\..\Libraries\MHSCPU_Driver\src\mhscpu_uart.c 0x00000000   Number         0  mhscpu_uart.o ABSOLUTE
    ..\..\..\..\Libraries\MHSCPU_Driver\src\misc.c 0x00000000   Number         0  misc.o ABSOLUTE
    ..\..\FreeRTOS\Source\CMSIS_RTOS\cmsis_os.c 0x00000000   Number         0  cmsis_os.o ABSOLUTE
    ..\..\FreeRTOS\Source\croutine.c         0x00000000   Number         0  croutine.o ABSOLUTE
    ..\..\FreeRTOS\Source\event_groups.c     0x00000000   Number         0  event_groups.o ABSOLUTE
    ..\..\FreeRTOS\Source\list.c             0x00000000   Number         0  list.o ABSOLUTE
    ..\..\FreeRTOS\Source\portable\MemMang\heap_4.c 0x00000000   Number         0  heap_4.o ABSOLUTE
    ..\..\FreeRTOS\Source\portable\RVDS\ARM_CM3\port.c 0x00000000   Number         0  port.o ABSOLUTE
    ..\..\FreeRTOS\Source\queue.c            0x00000000   Number         0  queue.o ABSOLUTE
    ..\..\FreeRTOS\Source\tasks.c            0x00000000   Number         0  tasks.o ABSOLUTE
    ..\..\FreeRTOS\Source\timers.c           0x00000000   Number         0  timers.o ABSOLUTE
    ..\..\User\main.c                        0x00000000   Number         0  main.o ABSOLUTE
    ..\..\User\mhunt_it.c                    0x00000000   Number         0  mhunt_it.o ABSOLUTE
    ..\\..\\..\\..\\Libraries\\Device\\MegaHunt\\mhscpu\\Source\\system_mhscpu.c 0x00000000   Number         0  system_mhscpu.o ABSOLUTE
    ..\\..\\..\\..\\Libraries\\MHSCPU_Driver\\src\\mhscpu_adc.c 0x00000000   Number         0  mhscpu_adc.o ABSOLUTE
    ..\\..\\..\\..\\Libraries\\MHSCPU_Driver\\src\\mhscpu_bpk.c 0x00000000   Number         0  mhscpu_bpk.o ABSOLUTE
    ..\\..\\..\\..\\Libraries\\MHSCPU_Driver\\src\\mhscpu_crc.c 0x00000000   Number         0  mhscpu_crc.o ABSOLUTE
    ..\\..\\..\\..\\Libraries\\MHSCPU_Driver\\src\\mhscpu_dma.c 0x00000000   Number         0  mhscpu_dma.o ABSOLUTE
    ..\\..\\..\\..\\Libraries\\MHSCPU_Driver\\src\\mhscpu_exti.c 0x00000000   Number         0  mhscpu_exti.o ABSOLUTE
    ..\\..\\..\\..\\Libraries\\MHSCPU_Driver\\src\\mhscpu_gpio.c 0x00000000   Number         0  mhscpu_gpio.o ABSOLUTE
    ..\\..\\..\\..\\Libraries\\MHSCPU_Driver\\src\\mhscpu_rtc.c 0x00000000   Number         0  mhscpu_rtc.o ABSOLUTE
    ..\\..\\..\\..\\Libraries\\MHSCPU_Driver\\src\\mhscpu_sensor.c 0x00000000   Number         0  mhscpu_sensor.o ABSOLUTE
    ..\\..\\..\\..\\Libraries\\MHSCPU_Driver\\src\\mhscpu_spi.c 0x00000000   Number         0  mhscpu_spi.o ABSOLUTE
    ..\\..\\..\\..\\Libraries\\MHSCPU_Driver\\src\\mhscpu_ssc.c 0x00000000   Number         0  mhscpu_ssc.o ABSOLUTE
    ..\\..\\..\\..\\Libraries\\MHSCPU_Driver\\src\\mhscpu_sysctrl.c 0x00000000   Number         0  mhscpu_sysctrl.o ABSOLUTE
    ..\\..\\..\\..\\Libraries\\MHSCPU_Driver\\src\\mhscpu_timer.c 0x00000000   Number         0  mhscpu_timer.o ABSOLUTE
    ..\\..\\..\\..\\Libraries\\MHSCPU_Driver\\src\\mhscpu_trng.c 0x00000000   Number         0  mhscpu_trng.o ABSOLUTE
    ..\\..\\..\\..\\Libraries\\MHSCPU_Driver\\src\\mhscpu_uart.c 0x00000000   Number         0  mhscpu_uart.o ABSOLUTE
    ..\\..\\..\\..\\Libraries\\MHSCPU_Driver\\src\\misc.c 0x00000000   Number         0  misc.o ABSOLUTE
    ..\\..\\FreeRTOS\\Source\\CMSIS_RTOS\\cmsis_os.c 0x00000000   Number         0  cmsis_os.o ABSOLUTE
    ..\\..\\FreeRTOS\\Source\\portable\\RVDS\\ARM_CM3\\port.c 0x00000000   Number         0  port.o ABSOLUTE
    ..\\..\\User\\main.c                     0x00000000   Number         0  main.o ABSOLUTE
    ..\\..\\User\\mhunt_it.c                 0x00000000   Number         0  mhunt_it.o ABSOLUTE
    cdrcmple.s                               0x00000000   Number         0  cdrcmple.o ABSOLUTE
    dc.s                                     0x00000000   Number         0  dc.o ABSOLUTE
    handlers.s                               0x00000000   Number         0  handlers.o ABSOLUTE
    init.s                                   0x00000000   Number         0  init.o ABSOLUTE
    .ARM.Collect$$$$00000000                 0x0000010c   Section        0  entry.o(.ARM.Collect$$$$00000000)
    .ARM.Collect$$$$00000001                 0x0000010c   Section        4  entry2.o(.ARM.Collect$$$$00000001)
    .ARM.Collect$$$$00000004                 0x00000110   Section        4  entry5.o(.ARM.Collect$$$$00000004)
    .ARM.Collect$$$$00000008                 0x00000114   Section        0  entry7b.o(.ARM.Collect$$$$00000008)
    .ARM.Collect$$$$0000000A                 0x00000114   Section        0  entry8b.o(.ARM.Collect$$$$0000000A)
    .ARM.Collect$$$$0000000B                 0x00000114   Section        8  entry9a.o(.ARM.Collect$$$$0000000B)
    .ARM.Collect$$$$0000000D                 0x0000011c   Section        0  entry10a.o(.ARM.Collect$$$$0000000D)
    .ARM.Collect$$$$0000000F                 0x0000011c   Section        0  entry11a.o(.ARM.Collect$$$$0000000F)
    .ARM.Collect$$$$00002712                 0x0000011c   Section        4  entry2.o(.ARM.Collect$$$$00002712)
    __lit__00000000                          0x0000011c   Data           4  entry2.o(.ARM.Collect$$$$00002712)
    .emb_text                                0x00000120   Section       24  mhscpu_sysctrl.o(.emb_text)
    .emb_text                                0x00000138   Section      222  port.o(.emb_text)
    .text                                    0x00000218   Section        0  main.o(.text)
    __NVIC_SetPriority                       0x00000219   Thumb Code    32  main.o(.text)
    NVIC_EncodePriority                      0x00000239   Thumb Code    64  main.o(.text)
    .text                                    0x000005a0   Section        0  mhunt_it.o(.text)
    .text                                    0x000005f4   Section       56  startup_mhscpu.o(.text)
    .text                                    0x0000062c   Section        0  mhscpu_sysctrl.o(.text)
    .text                                    0x00000b30   Section        0  mhscpu_gpio.o(.text)
    GPIO_GetGPIONum                          0x00000b31   Thumb Code   120  mhscpu_gpio.o(.text)
    .text                                    0x00001518   Section        0  mhscpu_uart.o(.text)
    .text                                    0x0000195c   Section        0  mhscpu_dma.o(.text)
    DMA_GetPeripheralConfig                  0x0000195d   Thumb Code    52  mhscpu_dma.o(.text)
    DMA_GetChannelxBit                       0x00001991   Thumb Code    18  mhscpu_dma.o(.text)
    .text                                    0x000024f4   Section        0  mhscpu_timer.o(.text)
    .text                                    0x000027f8   Section        0  mhscpu_spi.o(.text)
    SPI_MasterSlaveModeSet                   0x00002853   Thumb Code    40  mhscpu_spi.o(.text)
    .text                                    0x00003158   Section        0  mhscpu_bpk.o(.text)
    .text                                    0x00003350   Section        0  mhscpu_crc.o(.text)
    .text                                    0x00003480   Section        0  mhscpu_exti.o(.text)
    .text                                    0x000035ac   Section        0  mhscpu_rtc.o(.text)
    .text                                    0x00003710   Section        0  mhscpu_sensor.o(.text)
    .text                                    0x00003bd8   Section        0  mhscpu_trng.o(.text)
    .text                                    0x00003d78   Section        0  mhscpu_ssc.o(.text)
    .text                                    0x00004074   Section        0  system_mhscpu.o(.text)
    .text                                    0x00004088   Section        0  cmsis_os.o(.text)
    makeFreeRtosPriority                     0x00004089   Thumb Code    14  cmsis_os.o(.text)
    makeCmsisPriority                        0x00004097   Thumb Code    18  cmsis_os.o(.text)
    inHandlerMode                            0x000040a9   Thumb Code    16  cmsis_os.o(.text)
    .text                                    0x00004938   Section        0  queue.o(.text)
    prvInitialiseNewQueue                    0x000049b9   Thumb Code    42  queue.o(.text)
    prvUnlockQueue                           0x00004a35   Thumb Code   126  queue.o(.text)
    prvIsQueueFull                           0x00004ab3   Thumb Code    30  queue.o(.text)
    prvCopyDataToQueue                       0x00004ad1   Thumb Code   124  queue.o(.text)
    prvInitialiseMutex                       0x00004cb5   Thumb Code    28  queue.o(.text)
    prvIsQueueEmpty                          0x00004e75   Thumb Code    26  queue.o(.text)
    prvCopyDataFromQueue                     0x00004e8f   Thumb Code    42  queue.o(.text)
    .text                                    0x000052d4   Section        0  tasks.o(.text)
    prvInitialiseTaskLists                   0x000052d5   Thumb Code    70  tasks.o(.text)
    prvAddNewTaskToReadyList                 0x0000531b   Thumb Code   144  tasks.o(.text)
    prvInitialiseNewTask                     0x000053ab   Thumb Code   174  tasks.o(.text)
    prvResetNextTaskUnblockTime              0x000054b9   Thumb Code    42  tasks.o(.text)
    prvDeleteTCB                             0x000054e3   Thumb Code    18  tasks.o(.text)
    prvAddCurrentTaskToDelayedList           0x000057e1   Thumb Code   124  tasks.o(.text)
    prvTaskIsTaskSuspended                   0x00005c55   Thumb Code    76  tasks.o(.text)
    prvCheckTasksWaitingTermination          0x00005d93   Thumb Code    86  tasks.o(.text)
    prvIdleTask                              0x00005de9   Thumb Code    20  tasks.o(.text)
    prvTaskCheckFreeStackSpace               0x00005eb9   Thumb Code    22  tasks.o(.text)
    prvListTasksWithinSingleList             0x00005f85   Thumb Code   106  tasks.o(.text)
    .text                                    0x00006884   Section        0  list.o(.text)
    .text                                    0x00006918   Section        0  heap_4.o(.text)
    prvInsertBlockIntoFreeList               0x00006919   Thumb Code    96  heap_4.o(.text)
    prvHeapInit                              0x00006979   Thumb Code    98  heap_4.o(.text)
    .text                                    0x00006b98   Section        0  port.o(.text)
    prvTaskExitError                         0x00006ba7   Thumb Code    48  port.o(.text)
    .text                                    0x00006e14   Section        0  memcpya.o(.text)
    .text                                    0x00006e38   Section        0  memseta.o(.text)
    .text                                    0x00006e5c   Section        0  uldiv.o(.text)
    .text                                    0x00006ec0   Section       36  init.o(.text)
    .text                                    0x00006ee4   Section        0  llshl.o(.text)
    .text                                    0x00006f02   Section        0  llushr.o(.text)
    i.__0printf$5                            0x00006f24   Section        0  printf5.o(i.__0printf$5)
    i.__scatterload_copy                     0x00006f44   Section       14  handlers.o(i.__scatterload_copy)
    i.__scatterload_null                     0x00006f52   Section        2  handlers.o(i.__scatterload_null)
    i.__scatterload_zeroinit                 0x00006f54   Section       14  handlers.o(i.__scatterload_zeroinit)
    i._printf_core                           0x00006f64   Section        0  printf5.o(i._printf_core)
    _printf_core                             0x00006f65   Thumb Code   658  printf5.o(i._printf_core)
    ram                                      0x00007224   Section        0  main.o(ram)
    .constdata                               0x0000729c   Section    16464  main.o(.constdata)
    .constdata                               0x0000b2ec   Section       32  mhscpu_gpio.o(.constdata)
    .constdata                               0x0000b30c   Section       16  mhscpu_trng.o(.constdata)
    .conststring                             0x0000b31c   Section       60  main.o(.conststring)
    .data                                    0x20000000   Section       12  main.o(.data)
    .data                                    0x2000000c   Section        4  mhunt_it.o(.data)
    .data                                    0x20000010   Section        4  system_mhscpu.o(.data)
    .data                                    0x20000014   Section       60  tasks.o(.data)
    pxDelayedTaskList                        0x20000018   Data           4  tasks.o(.data)
    pxOverflowDelayedTaskList                0x2000001c   Data           4  tasks.o(.data)
    uxDeletedTasksWaitingCleanUp             0x20000020   Data           4  tasks.o(.data)
    uxCurrentNumberOfTasks                   0x20000024   Data           4  tasks.o(.data)
    xTickCount                               0x20000028   Data           4  tasks.o(.data)
    uxTopReadyPriority                       0x2000002c   Data           4  tasks.o(.data)
    xSchedulerRunning                        0x20000030   Data           4  tasks.o(.data)
    uxPendedTicks                            0x20000034   Data           4  tasks.o(.data)
    xYieldPending                            0x20000038   Data           4  tasks.o(.data)
    xNumOfOverflows                          0x2000003c   Data           4  tasks.o(.data)
    uxTaskNumber                             0x20000040   Data           4  tasks.o(.data)
    xNextTaskUnblockTime                     0x20000044   Data           4  tasks.o(.data)
    xIdleTaskHandle                          0x20000048   Data           4  tasks.o(.data)
    uxSchedulerSuspended                     0x2000004c   Data           4  tasks.o(.data)
    .data                                    0x20000050   Section       24  heap_4.o(.data)
    xStart                                   0x20000050   Data           8  heap_4.o(.data)
    pxEnd                                    0x20000058   Data           4  heap_4.o(.data)
    xFreeBytesRemaining                      0x2000005c   Data           4  heap_4.o(.data)
    xMinimumEverFreeBytesRemaining           0x20000060   Data           4  heap_4.o(.data)
    xBlockAllocatedBit                       0x20000064   Data           4  heap_4.o(.data)
    .data                                    0x20000068   Section       12  port.o(.data)
    uxCriticalNesting                        0x20000068   Data           4  port.o(.data)
    ucMaxSysCallPriority                     0x2000006c   Data           1  port.o(.data)
    ulMaxPRIGROUPValue                       0x20000070   Data           4  port.o(.data)
    .data                                    0x20000074   Section        4  stdout.o(.data)
    .bss                                     0x20000078   Section      192  main.o(.bss)
    .bss                                     0x20000138   Section       16  mhscpu_gpio.o(.bss)
    GPIO_OD_Mark                             0x20000138   Data          16  mhscpu_gpio.o(.bss)
    .bss                                     0x20000148   Section       64  queue.o(.bss)
    .bss                                     0x20000188   Section      240  tasks.o(.bss)
    pxReadyTasksLists                        0x20000188   Data         140  tasks.o(.bss)
    xDelayedTaskList1                        0x20000214   Data          20  tasks.o(.bss)
    xDelayedTaskList2                        0x20000228   Data          20  tasks.o(.bss)
    xPendingReadyList                        0x2000023c   Data          20  tasks.o(.bss)
    xTasksWaitingTermination                 0x20000250   Data          20  tasks.o(.bss)
    xSuspendedTaskList                       0x20000264   Data          20  tasks.o(.bss)
    .bss                                     0x20000278   Section    15360  heap_4.o(.bss)
    ucHeap                                   0x20000278   Data       15360  heap_4.o(.bss)
    STACK                                    0x20003e78   Section    32768  startup_mhscpu.o(STACK)

    Global Symbols

    Symbol Name                              Value     Ov Type        Size  Object(Section)

    BuildAttributes$$THM_ISAv4$P$D$K$B$S$PE$A:L22UL41UL21$X:L11$S22US41US21$IEEE1$IW$USESV6$~STKCKD$USESV7$~SHL$OSPACE$ROPI$EBA8$MICROLIB$REQ8$PRES8$EABIv2 0x00000000   Number         0  anon$$obj.o ABSOLUTE
    __ARM_use_no_argv                        0x00000000   Number         0  main.o ABSOLUTE
    __Vectors                                0x00000000   Data           4  startup_mhscpu.o(RESET)
    _printf_a                                0x00000000   Number         0  stubs.o ABSOLUTE
    _printf_c                                0x00000000   Number         0  stubs.o ABSOLUTE
    _printf_charcount                        0x00000000   Number         0  stubs.o ABSOLUTE
    _printf_d                                0x00000000   Number         0  stubs.o ABSOLUTE
    _printf_e                                0x00000000   Number         0  stubs.o ABSOLUTE
    _printf_f                                0x00000000   Number         0  stubs.o ABSOLUTE
    _printf_flags                            0x00000000   Number         0  stubs.o ABSOLUTE
    _printf_fp_dec                           0x00000000   Number         0  stubs.o ABSOLUTE
    _printf_fp_hex                           0x00000000   Number         0  stubs.o ABSOLUTE
    _printf_g                                0x00000000   Number         0  stubs.o ABSOLUTE
    _printf_i                                0x00000000   Number         0  stubs.o ABSOLUTE
    _printf_int_dec                          0x00000000   Number         0  stubs.o ABSOLUTE
    _printf_l                                0x00000000   Number         0  stubs.o ABSOLUTE
    _printf_lc                               0x00000000   Number         0  stubs.o ABSOLUTE
    _printf_ll                               0x00000000   Number         0  stubs.o ABSOLUTE
    _printf_lld                              0x00000000   Number         0  stubs.o ABSOLUTE
    _printf_lli                              0x00000000   Number         0  stubs.o ABSOLUTE
    _printf_llo                              0x00000000   Number         0  stubs.o ABSOLUTE
    _printf_llu                              0x00000000   Number         0  stubs.o ABSOLUTE
    _printf_llx                              0x00000000   Number         0  stubs.o ABSOLUTE
    _printf_longlong_dec                     0x00000000   Number         0  stubs.o ABSOLUTE
    _printf_longlong_hex                     0x00000000   Number         0  stubs.o ABSOLUTE
    _printf_longlong_oct                     0x00000000   Number         0  stubs.o ABSOLUTE
    _printf_ls                               0x00000000   Number         0  stubs.o ABSOLUTE
    _printf_mbtowc                           0x00000000   Number         0  stubs.o ABSOLUTE
    _printf_n                                0x00000000   Number         0  stubs.o ABSOLUTE
    _printf_o                                0x00000000   Number         0  stubs.o ABSOLUTE
    _printf_p                                0x00000000   Number         0  stubs.o ABSOLUTE
    _printf_percent                          0x00000000   Number         0  stubs.o ABSOLUTE
    _printf_pre_padding                      0x00000000   Number         0  stubs.o ABSOLUTE
    _printf_return_value                     0x00000000   Number         0  stubs.o ABSOLUTE
    _printf_s                                0x00000000   Number         0  stubs.o ABSOLUTE
    _printf_sizespec                         0x00000000   Number         0  stubs.o ABSOLUTE
    _printf_str                              0x00000000   Number         0  stubs.o ABSOLUTE
    _printf_truncate_signed                  0x00000000   Number         0  stubs.o ABSOLUTE
    _printf_truncate_unsigned                0x00000000   Number         0  stubs.o ABSOLUTE
    _printf_u                                0x00000000   Number         0  stubs.o ABSOLUTE
    _printf_wc                               0x00000000   Number         0  stubs.o ABSOLUTE
    _printf_wctomb                           0x00000000   Number         0  stubs.o ABSOLUTE
    _printf_widthprec                        0x00000000   Number         0  stubs.o ABSOLUTE
    _printf_x                                0x00000000   Number         0  stubs.o ABSOLUTE
    __cpp_initialize__aeabi_                  - Undefined Weak Reference
    __cxa_finalize                            - Undefined Weak Reference
    __decompress                              - Undefined Weak Reference
    _clock_init                               - Undefined Weak Reference
    _microlib_exit                            - Undefined Weak Reference
    __Vectors_End                            0x0000010c   Data           0  startup_mhscpu.o(RESET)
    __Vectors_Size                           0x0000010c   Number         0  startup_mhscpu.o ABSOLUTE
    __main                                   0x0000010d   Thumb Code     0  entry.o(.ARM.Collect$$$$00000000)
    _main_stk                                0x0000010d   Thumb Code     0  entry2.o(.ARM.Collect$$$$00000001)
    _main_scatterload                        0x00000111   Thumb Code     0  entry5.o(.ARM.Collect$$$$00000004)
    __main_after_scatterload                 0x00000115   Thumb Code     0  entry5.o(.ARM.Collect$$$$00000004)
    _main_clock                              0x00000115   Thumb Code     0  entry7b.o(.ARM.Collect$$$$00000008)
    _main_cpp_init                           0x00000115   Thumb Code     0  entry8b.o(.ARM.Collect$$$$0000000A)
    _main_init                               0x00000115   Thumb Code     0  entry9a.o(.ARM.Collect$$$$0000000B)
    __rt_final_cpp                           0x0000011d   Thumb Code     0  entry10a.o(.ARM.Collect$$$$0000000D)
    __rt_final_exit                          0x0000011d   Thumb Code     0  entry11a.o(.ARM.Collect$$$$0000000F)
    __asm___16_mhscpu_sysctrl_c_220ebcab__SYSCTRL_Sleep 0x00000121   Thumb Code    24  mhscpu_sysctrl.o(.emb_text)
    SVC_Handler                              0x00000139   Thumb Code    32  port.o(.emb_text)
    __asm___6_port_c_39a90d8d__prvStartFirstTask 0x0000015d   Thumb Code    28  port.o(.emb_text)
    xPortSetJmp                              0x0000017d   Thumb Code    18  port.o(.emb_text)
    vPortLongJmp                             0x0000018f   Thumb Code    18  port.o(.emb_text)
    PendSV_Handler                           0x000001a1   Thumb Code    88  port.o(.emb_text)
    ulPortSetInterruptMask                   0x000001fd   Thumb Code    14  port.o(.emb_text)
    vPortClearInterruptMask                  0x0000020b   Thumb Code     6  port.o(.emb_text)
    vPortGetIPSR                             0x00000211   Thumb Code     6  port.o(.emb_text)
    StartDefaultTask                         0x00000279   Thumb Code    78  main.o(.text)
    StartDefaultTask2                        0x000002c7   Thumb Code   118  main.o(.text)
    UART_Configuration                       0x0000033d   Thumb Code    38  main.o(.text)
    GPIO_Configuration                       0x00000363   Thumb Code    30  main.o(.text)
    main                                     0x00000381   Thumb Code   350  main.o(.text)
    SER_PutChar                              0x000004df   Thumb Code    28  main.o(.text)
    fputc                                    0x000004fb   Thumb Code    24  main.o(.text)
    assert_failed                            0x00000513   Thumb Code     4  main.o(.text)
    NMI_Handler                              0x000005a1   Thumb Code     2  mhunt_it.o(.text)
    HardFault_Handler                        0x000005a3   Thumb Code     4  mhunt_it.o(.text)
    MemManage_Handler                        0x000005a7   Thumb Code     4  mhunt_it.o(.text)
    BusFault_Handler                         0x000005ab   Thumb Code     4  mhunt_it.o(.text)
    UsageFault_Handler                       0x000005af   Thumb Code     4  mhunt_it.o(.text)
    DebugMon_Handler                         0x000005b3   Thumb Code     2  mhunt_it.o(.text)
    HAL_IncTick                              0x000005b5   Thumb Code    12  mhunt_it.o(.text)
    HAL_GetTick                              0x000005c1   Thumb Code     6  mhunt_it.o(.text)
    HAL_Delay                                0x000005c7   Thumb Code    30  mhunt_it.o(.text)
    SysTick_Handler                          0x000005e5   Thumb Code    12  mhunt_it.o(.text)
    Reset_Handler                            0x000005f5   Thumb Code    18  startup_mhscpu.o(.text)
    ADC0_IRQHandler                          0x0000061b   Thumb Code     0  startup_mhscpu.o(.text)
    AWD_IRQHandler                           0x0000061b   Thumb Code     0  startup_mhscpu.o(.text)
    CRYPT0_IRQHandler                        0x0000061b   Thumb Code     0  startup_mhscpu.o(.text)
    CSI2_IRQHandler                          0x0000061b   Thumb Code     0  startup_mhscpu.o(.text)
    DAC_IRQHandler                           0x0000061b   Thumb Code     0  startup_mhscpu.o(.text)
    DCMI_IRQHandler                          0x0000061b   Thumb Code     0  startup_mhscpu.o(.text)
    DMA0_IRQHandler                          0x0000061b   Thumb Code     0  startup_mhscpu.o(.text)
    EXTI0_IRQHandler                         0x0000061b   Thumb Code     0  startup_mhscpu.o(.text)
    EXTI1_IRQHandler                         0x0000061b   Thumb Code     0  startup_mhscpu.o(.text)
    EXTI2_IRQHandler                         0x0000061b   Thumb Code     0  startup_mhscpu.o(.text)
    EXTI3_IRQHandler                         0x0000061b   Thumb Code     0  startup_mhscpu.o(.text)
    EXTI4_IRQHandler                         0x0000061b   Thumb Code     0  startup_mhscpu.o(.text)
    EXTI5_IRQHandler                         0x0000061b   Thumb Code     0  startup_mhscpu.o(.text)
    EXTI6_IRQHandler                         0x0000061b   Thumb Code     0  startup_mhscpu.o(.text)
    EXTI7_IRQHandler                         0x0000061b   Thumb Code     0  startup_mhscpu.o(.text)
    GPU_IRQHandler                           0x0000061b   Thumb Code     0  startup_mhscpu.o(.text)
    I2C0_IRQHandler                          0x0000061b   Thumb Code     0  startup_mhscpu.o(.text)
    KEYBOARD_IRQHandler                      0x0000061b   Thumb Code     0  startup_mhscpu.o(.text)
    LCD_IRQHandler                           0x0000061b   Thumb Code     0  startup_mhscpu.o(.text)
    MSR_IRQHandler                           0x0000061b   Thumb Code     0  startup_mhscpu.o(.text)
    QR_IRQHandler                            0x0000061b   Thumb Code     0  startup_mhscpu.o(.text)
    QSPI_IRQHandler                          0x0000061b   Thumb Code     0  startup_mhscpu.o(.text)
    RTC_IRQHandler                           0x0000061b   Thumb Code     0  startup_mhscpu.o(.text)
    SCI0_IRQHandler                          0x0000061b   Thumb Code     0  startup_mhscpu.o(.text)
    SCI1_IRQHandler                          0x0000061b   Thumb Code     0  startup_mhscpu.o(.text)
    SCI2_IRQHandler                          0x0000061b   Thumb Code     0  startup_mhscpu.o(.text)
    SDIOM_IRQHandler                         0x0000061b   Thumb Code     0  startup_mhscpu.o(.text)
    SENSOR_IRQHandler                        0x0000061b   Thumb Code     0  startup_mhscpu.o(.text)
    SPI0_IRQHandler                          0x0000061b   Thumb Code     0  startup_mhscpu.o(.text)
    SPI1_IRQHandler                          0x0000061b   Thumb Code     0  startup_mhscpu.o(.text)
    SPI2_IRQHandler                          0x0000061b   Thumb Code     0  startup_mhscpu.o(.text)
    SPI3_IRQHandler                          0x0000061b   Thumb Code     0  startup_mhscpu.o(.text)
    SPI4_IRQHandler                          0x0000061b   Thumb Code     0  startup_mhscpu.o(.text)
    SSC_IRQHandler                           0x0000061b   Thumb Code     0  startup_mhscpu.o(.text)
    TIM0_0_IRQHandler                        0x0000061b   Thumb Code     0  startup_mhscpu.o(.text)
    TIM0_1_IRQHandler                        0x0000061b   Thumb Code     0  startup_mhscpu.o(.text)
    TIM0_2_IRQHandler                        0x0000061b   Thumb Code     0  startup_mhscpu.o(.text)
    TIM0_3_IRQHandler                        0x0000061b   Thumb Code     0  startup_mhscpu.o(.text)
    TIM0_4_IRQHandler                        0x0000061b   Thumb Code     0  startup_mhscpu.o(.text)
    TIM0_5_IRQHandler                        0x0000061b   Thumb Code     0  startup_mhscpu.o(.text)
    TIM0_6_IRQHandler                        0x0000061b   Thumb Code     0  startup_mhscpu.o(.text)
    TIM0_7_IRQHandler                        0x0000061b   Thumb Code     0  startup_mhscpu.o(.text)
    TRNG_IRQHandler                          0x0000061b   Thumb Code     0  startup_mhscpu.o(.text)
    UART0_IRQHandler                         0x0000061b   Thumb Code     0  startup_mhscpu.o(.text)
    UART1_IRQHandler                         0x0000061b   Thumb Code     0  startup_mhscpu.o(.text)
    UART2_IRQHandler                         0x0000061b   Thumb Code     0  startup_mhscpu.o(.text)
    UART3_IRQHandler                         0x0000061b   Thumb Code     0  startup_mhscpu.o(.text)
    USBDMA_IRQHandler                        0x0000061b   Thumb Code     0  startup_mhscpu.o(.text)
    USB_IRQHandler                           0x0000061b   Thumb Code     0  startup_mhscpu.o(.text)
    SYSCTRL_AHBPeriphClockCmd                0x0000062d   Thumb Code    66  mhscpu_sysctrl.o(.text)
    SYSCTRL_APBPeriphClockCmd                0x0000066f   Thumb Code    66  mhscpu_sysctrl.o(.text)
    SYSCTRL_AHBPeriphResetCmd                0x000006b1   Thumb Code    92  mhscpu_sysctrl.o(.text)
    SYSCTRL_APBPeriphResetCmd                0x0000070d   Thumb Code    66  mhscpu_sysctrl.o(.text)
    SYSCTRL_EnterSleep                       0x0000074f   Thumb Code    90  mhscpu_sysctrl.o(.text)
    SYSCTRL_SYSCLKSourceSelect               0x000007a9   Thumb Code    60  mhscpu_sysctrl.o(.text)
    SYSCTRL_PLLConfig                        0x000007e5   Thumb Code   234  mhscpu_sysctrl.o(.text)
    SYSCTRL_PLLDivConfig                     0x000008cf   Thumb Code    92  mhscpu_sysctrl.o(.text)
    SYSCTRL_GetClocksFreq                    0x0000092b   Thumb Code   376  mhscpu_sysctrl.o(.text)
    SYSCTRL_HCLKConfig                       0x00000aa3   Thumb Code    90  mhscpu_sysctrl.o(.text)
    SYSCTRL_PCLKConfig                       0x00000afd   Thumb Code    44  mhscpu_sysctrl.o(.text)
    GPIO_DeInit                              0x00000ba9   Thumb Code    12  mhscpu_gpio.o(.text)
    GPIO_PinRemapConfig                      0x00000bb5   Thumb Code   306  mhscpu_gpio.o(.text)
    GPIO_Init                                0x00000ce7   Thumb Code   356  mhscpu_gpio.o(.text)
    GPIO_StructInit                          0x00000e4b   Thumb Code    14  mhscpu_gpio.o(.text)
    GPIO_ReadInputDataBit                    0x00000e59   Thumb Code   184  mhscpu_gpio.o(.text)
    GPIO_ReadInputData                       0x00000f11   Thumb Code    88  mhscpu_gpio.o(.text)
    GPIO_ReadOutputDataBit                   0x00000f69   Thumb Code   186  mhscpu_gpio.o(.text)
    GPIO_ReadOutputData                      0x00001023   Thumb Code     8  mhscpu_gpio.o(.text)
    GPIO_SetBits                             0x0000102b   Thumb Code   238  mhscpu_gpio.o(.text)
    GPIO_ResetBits                           0x00001119   Thumb Code   240  mhscpu_gpio.o(.text)
    GPIO_Write                               0x00001209   Thumb Code   186  mhscpu_gpio.o(.text)
    GPIO_PullUpCmd                           0x000012c3   Thumb Code   124  mhscpu_gpio.o(.text)
    GPIO_WakeEvenDeInit                      0x0000133f   Thumb Code    22  mhscpu_gpio.o(.text)
    GPIO_WakeEvenConfig                      0x00001355   Thumb Code   400  mhscpu_gpio.o(.text)
    GPIO_WakeModeConfig                      0x000014e5   Thumb Code    44  mhscpu_gpio.o(.text)
    UART_DeInit                              0x00001519   Thumb Code   102  mhscpu_uart.o(.text)
    UART_Init                                0x0000157f   Thumb Code   214  mhscpu_uart.o(.text)
    UART_StructInit                          0x00001655   Thumb Code    18  mhscpu_uart.o(.text)
    UART_ITConfig                            0x00001667   Thumb Code    18  mhscpu_uart.o(.text)
    UART_SendData                            0x00001679   Thumb Code     6  mhscpu_uart.o(.text)
    UART_ReceiveData                         0x0000167f   Thumb Code     8  mhscpu_uart.o(.text)
    UART_AutoFlowCtrlCmd                     0x00001687   Thumb Code    22  mhscpu_uart.o(.text)
    UART_SetDTR                              0x0000169d   Thumb Code    10  mhscpu_uart.o(.text)
    UART_ResetDTR                            0x000016a7   Thumb Code    10  mhscpu_uart.o(.text)
    UART_SetRTS                              0x000016b1   Thumb Code    10  mhscpu_uart.o(.text)
    UART_ResetRTS                            0x000016bb   Thumb Code    10  mhscpu_uart.o(.text)
    UART_FIFOInit                            0x000016c5   Thumb Code   124  mhscpu_uart.o(.text)
    UART_FIFOStructInit                      0x00001741   Thumb Code    20  mhscpu_uart.o(.text)
    UART_FIFOReset                           0x00001755   Thumb Code    26  mhscpu_uart.o(.text)
    UART_FIFOCmd                             0x0000176f   Thumb Code    30  mhscpu_uart.o(.text)
    UART_GetLineStatus                       0x0000178d   Thumb Code     6  mhscpu_uart.o(.text)
    UART_GetModemStatus                      0x00001793   Thumb Code     6  mhscpu_uart.o(.text)
    UART_GetITIdentity                       0x00001799   Thumb Code     6  mhscpu_uart.o(.text)
    UART_IsRXFIFOError                       0x0000179f   Thumb Code    18  mhscpu_uart.o(.text)
    UART_IsRXFramingError                    0x000017b1   Thumb Code    18  mhscpu_uart.o(.text)
    UART_IsRXParityError                     0x000017c3   Thumb Code    18  mhscpu_uart.o(.text)
    UART_IsRXOverrunError                    0x000017d5   Thumb Code    18  mhscpu_uart.o(.text)
    UART_IsRXReceived                        0x000017e7   Thumb Code    18  mhscpu_uart.o(.text)
    UART_IsTXEmpty                           0x000017f9   Thumb Code    18  mhscpu_uart.o(.text)
    UART_IsTXHoldingRegisterEmpty            0x0000180b   Thumb Code    18  mhscpu_uart.o(.text)
    UART_IsTXFIFOTrigger                     0x0000181d   Thumb Code    18  mhscpu_uart.o(.text)
    UART_IsRXFIFOFull                        0x0000182f   Thumb Code    18  mhscpu_uart.o(.text)
    UART_IsRXFIFONotEmpty                    0x00001841   Thumb Code    18  mhscpu_uart.o(.text)
    UART_IsTXFIFOEmpty                       0x00001853   Thumb Code    18  mhscpu_uart.o(.text)
    UART_IsTXFIFONotFull                     0x00001865   Thumb Code    18  mhscpu_uart.o(.text)
    UART_IsBusy                              0x00001877   Thumb Code    18  mhscpu_uart.o(.text)
    UART_DMAGenerateSoftAck                  0x00001889   Thumb Code    14  mhscpu_uart.o(.text)
    UART_TXHaltCmd                           0x00001897   Thumb Code    30  mhscpu_uart.o(.text)
    UART_FIFOAccessModeCmd                   0x000018b5   Thumb Code    22  mhscpu_uart.o(.text)
    UART_FIFOTxRead                          0x000018cb   Thumb Code     8  mhscpu_uart.o(.text)
    UART_IrDACmd                             0x000018d3   Thumb Code   122  mhscpu_uart.o(.text)
    UART_SendBreak                           0x0000194d   Thumb Code    14  mhscpu_uart.o(.text)
    DMA_IsChannelEnabled                     0x000019a3   Thumb Code    26  mhscpu_dma.o(.text)
    DMA_Cmd                                  0x000019bd   Thumb Code    22  mhscpu_dma.o(.text)
    DMA_ChannelConfig                        0x000019d3   Thumb Code   536  mhscpu_dma.o(.text)
    DMA_ChannelCmd                           0x00001beb   Thumb Code    40  mhscpu_dma.o(.text)
    DMA_Init                                 0x00001c13   Thumb Code   596  mhscpu_dma.o(.text)
    DMA_SetSrcSingleReq                      0x00001e67   Thumb Code    26  mhscpu_dma.o(.text)
    DMA_SetSrcBlockReq                       0x00001e81   Thumb Code    26  mhscpu_dma.o(.text)
    DMA_SetSRCAddress                        0x00001e9b   Thumb Code     4  mhscpu_dma.o(.text)
    DMA_SetDSRAddress                        0x00001e9f   Thumb Code     4  mhscpu_dma.o(.text)
    DMA_ITConfig                             0x00001ea3   Thumb Code   160  mhscpu_dma.o(.text)
    DMA_ClearITPendingBit                    0x00001f43   Thumb Code    86  mhscpu_dma.o(.text)
    DMA_GetITStatus                          0x00001f99   Thumb Code    94  mhscpu_dma.o(.text)
    DMA_GetRawStatus                         0x00001ff7   Thumb Code    94  mhscpu_dma.o(.text)
    DMA_MultiBlockInit                       0x00002055   Thumb Code  1124  mhscpu_dma.o(.text)
    DMA_InitLLI                              0x000024b9   Thumb Code    48  mhscpu_dma.o(.text)
    TIM_DeInit                               0x000024f5   Thumb Code    20  mhscpu_timer.o(.text)
    TIM_Cmd                                  0x00002509   Thumb Code    78  mhscpu_timer.o(.text)
    TIM_Init                                 0x00002557   Thumb Code   100  mhscpu_timer.o(.text)
    TIM_PWMInit                              0x000025bb   Thumb Code   140  mhscpu_timer.o(.text)
    TIM_ModeConfig                           0x00002647   Thumb Code    82  mhscpu_timer.o(.text)
    TIM_SetPeriod                            0x00002699   Thumb Code    10  mhscpu_timer.o(.text)
    TIM_SetPWMPeriod                         0x000026a3   Thumb Code    20  mhscpu_timer.o(.text)
    TIM_ITConfig                             0x000026b7   Thumb Code    78  mhscpu_timer.o(.text)
    TIM_ClearITPendingBit                    0x00002705   Thumb Code    16  mhscpu_timer.o(.text)
    TIM_GetITStatus                          0x00002715   Thumb Code    26  mhscpu_timer.o(.text)
    TIM_GetAllITStatus                       0x0000272f   Thumb Code     8  mhscpu_timer.o(.text)
    TIM_GetRawITStatus                       0x00002737   Thumb Code    22  mhscpu_timer.o(.text)
    TIM_GetAllRawITStatus                    0x0000274d   Thumb Code     8  mhscpu_timer.o(.text)
    TIM_PWMSinglePulseConfig                 0x00002755   Thumb Code    78  mhscpu_timer.o(.text)
    TIM_PWMReloadSinglePulse                 0x000027a3   Thumb Code    26  mhscpu_timer.o(.text)
    SPI_DeInit                               0x000027f9   Thumb Code    90  mhscpu_spi.o(.text)
    SPI_Init                                 0x0000287b   Thumb Code   440  mhscpu_spi.o(.text)
    SPI_StructInit                           0x00002a33   Thumb Code    30  mhscpu_spi.o(.text)
    SPI_Cmd                                  0x00002a51   Thumb Code    36  mhscpu_spi.o(.text)
    SPI_DMAInit                              0x00002a75   Thumb Code   118  mhscpu_spi.o(.text)
    SPI_DMAStructInit                        0x00002aeb   Thumb Code    18  mhscpu_spi.o(.text)
    SPI_DMACmd                               0x00002afd   Thumb Code    62  mhscpu_spi.o(.text)
    SPI_ITConfig                             0x00002b3b   Thumb Code    76  mhscpu_spi.o(.text)
    SPI_SendData                             0x00002b87   Thumb Code     4  mhscpu_spi.o(.text)
    SPI_ReceiveData                          0x00002b8b   Thumb Code     8  mhscpu_spi.o(.text)
    SPI_DataSizeConfig                       0x00002b93   Thumb Code    42  mhscpu_spi.o(.text)
    SPI_BiDirectionalLineConfig              0x00002bbd   Thumb Code   140  mhscpu_spi.o(.text)
    SPI_GetITStatus                          0x00002c49   Thumb Code    58  mhscpu_spi.o(.text)
    SPI_ClearITPendingBit                    0x00002c83   Thumb Code    78  mhscpu_spi.o(.text)
    SPI_GetFlagStatus                        0x00002cd1   Thumb Code    54  mhscpu_spi.o(.text)
    SPI_GetFlagStatusReg                     0x00002d07   Thumb Code     6  mhscpu_spi.o(.text)
    SPI_IsBusy                               0x00002d0d   Thumb Code    18  mhscpu_spi.o(.text)
    SPI_IsTXErr                              0x00002d1f   Thumb Code    18  mhscpu_spi.o(.text)
    SPI_IsDataCollisionErr                   0x00002d31   Thumb Code    18  mhscpu_spi.o(.text)
    SSP_Init                                 0x00002d43   Thumb Code   422  mhscpu_spi.o(.text)
    SSP_StructInit                           0x00002ee9   Thumb Code    24  mhscpu_spi.o(.text)
    NSM_Init                                 0x00002f01   Thumb Code   566  mhscpu_spi.o(.text)
    NSM_StructInit                           0x00003137   Thumb Code    32  mhscpu_spi.o(.text)
    BPK_IsReady                              0x00003159   Thumb Code    18  mhscpu_bpk.o(.text)
    BPK_WriteKey                             0x0000316b   Thumb Code    56  mhscpu_bpk.o(.text)
    BPK_ReadKey                              0x000031a3   Thumb Code    56  mhscpu_bpk.o(.text)
    BPK_KeyClear                             0x000031db   Thumb Code    56  mhscpu_bpk.o(.text)
    BPK_KeyWriteLock                         0x00003213   Thumb Code    66  mhscpu_bpk.o(.text)
    BPK_KeyReadLock                          0x00003255   Thumb Code    66  mhscpu_bpk.o(.text)
    BPK_Lock                                 0x00003297   Thumb Code    66  mhscpu_bpk.o(.text)
    BPK_LockSelf                             0x000032d9   Thumb Code    20  mhscpu_bpk.o(.text)
    BPK_GetLockStatus                        0x000032ed   Thumb Code    40  mhscpu_bpk.o(.text)
    CRC_CalcBlockCRC                         0x00003351   Thumb Code   118  mhscpu_crc.o(.text)
    CRC_Calc                                 0x000033c7   Thumb Code   180  mhscpu_crc.o(.text)
    EXTI_DeInit                              0x00003481   Thumb Code    30  mhscpu_exti.o(.text)
    EXTI_LineConfig                          0x0000349f   Thumb Code   154  mhscpu_exti.o(.text)
    EXTI_GetITStatus                         0x00003539   Thumb Code    24  mhscpu_exti.o(.text)
    EXTI_GetITLineStatus                     0x00003551   Thumb Code    12  mhscpu_exti.o(.text)
    EXTI_ClearITPendingBit                   0x0000355d   Thumb Code    14  mhscpu_exti.o(.text)
    RTC_IsReady                              0x000035ad   Thumb Code    18  mhscpu_rtc.o(.text)
    RTC_ResetCounter                         0x000035bf   Thumb Code    30  mhscpu_rtc.o(.text)
    RTC_GetCounter                           0x000035dd   Thumb Code    54  mhscpu_rtc.o(.text)
    RTC_SetAlarm                             0x00003613   Thumb Code    22  mhscpu_rtc.o(.text)
    RTC_SetRefRegister                       0x00003629   Thumb Code    22  mhscpu_rtc.o(.text)
    RTC_GetRefRegister                       0x0000363f   Thumb Code    20  mhscpu_rtc.o(.text)
    RTC_ITConfig                             0x00003653   Thumb Code    68  mhscpu_rtc.o(.text)
    RTC_ClearITPendingBit                    0x00003697   Thumb Code    22  mhscpu_rtc.o(.text)
    RTC_GetITStatus                          0x000036ad   Thumb Code    18  mhscpu_rtc.o(.text)
    RTC_GetAttrackTime                       0x000036bf   Thumb Code    20  mhscpu_rtc.o(.text)
    SENSOR_EXTIsRuning                       0x00003711   Thumb Code    18  mhscpu_sensor.o(.text)
    SENSOR_EXTInit                           0x00003723   Thumb Code   284  mhscpu_sensor.o(.text)
    SENSOR_EXTPortCmd                        0x0000383f   Thumb Code    66  mhscpu_sensor.o(.text)
    SENSOR_AttackRespMode                    0x00003881   Thumb Code    62  mhscpu_sensor.o(.text)
    SENSOR_EXTCmd                            0x000038bf   Thumb Code    22  mhscpu_sensor.o(.text)
    SENSOR_ANACmd                            0x000038d5   Thumb Code   140  mhscpu_sensor.o(.text)
    SENSOR_Lock                              0x00003961   Thumb Code    32  mhscpu_sensor.o(.text)
    SENSOR_SetRand                           0x00003981   Thumb Code    24  mhscpu_sensor.o(.text)
    SENSOR_Soft_Enable                       0x00003999   Thumb Code    18  mhscpu_sensor.o(.text)
    SENSOR_SoftAttack                        0x000039ab   Thumb Code    32  mhscpu_sensor.o(.text)
    SENSOR_GetITStatus                       0x000039cb   Thumb Code    90  mhscpu_sensor.o(.text)
    SENSOR_GetITStatusReg                    0x00003a25   Thumb Code     8  mhscpu_sensor.o(.text)
    SENSOR_ClearITPendingBit                 0x00003a2d   Thumb Code    10  mhscpu_sensor.o(.text)
    SENSOR_GetEXTTrigPull                    0x00003a37   Thumb Code    20  mhscpu_sensor.o(.text)
    SENSOR_SetEXTTrigPull                    0x00003a4b   Thumb Code    38  mhscpu_sensor.o(.text)
    SENSOR_GetEXTFilter                      0x00003a71   Thumb Code    20  mhscpu_sensor.o(.text)
    SENSOR_SetEXTFilter                      0x00003a85   Thumb Code    38  mhscpu_sensor.o(.text)
    SENSOR_GetEXTPulsePeriod                 0x00003aab   Thumb Code    20  mhscpu_sensor.o(.text)
    SENSOR_SetEXTPulsePeriod                 0x00003abf   Thumb Code    40  mhscpu_sensor.o(.text)
    SENSOR_GetEXTPulseHold                   0x00003ae7   Thumb Code    78  mhscpu_sensor.o(.text)
    SENSOR_SetEXTPulseHold                   0x00003b35   Thumb Code    18  mhscpu_sensor.o(.text)
    SENSOR_GetEXTStaticSample                0x00003b47   Thumb Code    10  mhscpu_sensor.o(.text)
    SENSOR_SetEXTStaticSample                0x00003b51   Thumb Code    18  mhscpu_sensor.o(.text)
    SENSOR_GetEXTDynamicSample               0x00003b63   Thumb Code    10  mhscpu_sensor.o(.text)
    SENSOR_SetEXTDynamicSample               0x00003b6d   Thumb Code    18  mhscpu_sensor.o(.text)
    SENSOR_GetEXTDynamicFreq                 0x00003b7f   Thumb Code    10  mhscpu_sensor.o(.text)
    SENSOR_SetEXTDynamicFreq                 0x00003b89   Thumb Code    18  mhscpu_sensor.o(.text)
    SENSOR_GetEXTPulsePull                   0x00003b9b   Thumb Code    18  mhscpu_sensor.o(.text)
    SENSOR_SetEXTPulsePull                   0x00003bad   Thumb Code    38  mhscpu_sensor.o(.text)
    TRNG_Get                                 0x00003bd9   Thumb Code    80  mhscpu_trng.o(.text)
    TRNG_SetPseudoRandom                     0x00003c29   Thumb Code     6  mhscpu_trng.o(.text)
    TRNG_DirectOutANA                        0x00003c2f   Thumb Code    72  mhscpu_trng.o(.text)
    TRNG_ITConfig                            0x00003c77   Thumb Code    30  mhscpu_trng.o(.text)
    TRNG_GetITStatus                         0x00003c95   Thumb Code    38  mhscpu_trng.o(.text)
    TRNG_ClearITPendingBit                   0x00003cbb   Thumb Code    34  mhscpu_trng.o(.text)
    TRNG_Start                               0x00003cdd   Thumb Code    50  mhscpu_trng.o(.text)
    TRNG_Stop                                0x00003d0f   Thumb Code    34  mhscpu_trng.o(.text)
    SSC_Init                                 0x00003d79   Thumb Code    64  mhscpu_ssc.o(.text)
    SSC_GetITStatus                          0x00003db9   Thumb Code    20  mhscpu_ssc.o(.text)
    SSC_ClearITPendingBit                    0x00003dcd   Thumb Code   106  mhscpu_ssc.o(.text)
    SSC_SetDataRAMScrambler                  0x00003e37   Thumb Code     8  mhscpu_ssc.o(.text)
    SSC_BPKAccessCtrlConfig                  0x00003e3f   Thumb Code   122  mhscpu_ssc.o(.text)
    SSC_SENSORCmd                            0x00003eb9   Thumb Code   136  mhscpu_ssc.o(.text)
    SSC_SENSORLock                           0x00003f41   Thumb Code    30  mhscpu_ssc.o(.text)
    SSC_SENSORAttackRespMode                 0x00003f5f   Thumb Code    58  mhscpu_ssc.o(.text)
    SSC_SENSORKeyClearCmd                    0x00003f99   Thumb Code   154  mhscpu_ssc.o(.text)
    SystemCoreClockUpdate                    0x00004075   Thumb Code     8  system_mhscpu.o(.text)
    SystemInit                               0x0000407d   Thumb Code     2  system_mhscpu.o(.text)
    osKernelStart                            0x000040b9   Thumb Code    10  cmsis_os.o(.text)
    osKernelRunning                          0x000040c3   Thumb Code    18  cmsis_os.o(.text)
    osKernelSysTick                          0x000040d5   Thumb Code    20  cmsis_os.o(.text)
    osThreadCreate                           0x000040e9   Thumb Code    48  cmsis_os.o(.text)
    osThreadGetId                            0x00004119   Thumb Code     8  cmsis_os.o(.text)
    osThreadTerminate                        0x00004121   Thumb Code    14  cmsis_os.o(.text)
    osThreadYield                            0x0000412f   Thumb Code    10  cmsis_os.o(.text)
    osThreadSetPriority                      0x00004139   Thumb Code    26  cmsis_os.o(.text)
    osThreadGetPriority                      0x00004153   Thumb Code    38  cmsis_os.o(.text)
    osDelay                                  0x00004179   Thumb Code    24  cmsis_os.o(.text)
    osTimerCreate                            0x00004191   Thumb Code     6  cmsis_os.o(.text)
    osTimerStart                             0x00004197   Thumb Code     8  cmsis_os.o(.text)
    osTimerStop                              0x0000419f   Thumb Code     8  cmsis_os.o(.text)
    osTimerDelete                            0x000041a7   Thumb Code     8  cmsis_os.o(.text)
    osSignalSet                              0x000041af   Thumb Code    84  cmsis_os.o(.text)
    osSignalWait                             0x00004203   Thumb Code    98  cmsis_os.o(.text)
    osMutexCreate                            0x00004265   Thumb Code    12  cmsis_os.o(.text)
    osMutexWait                              0x00004271   Thumb Code    96  cmsis_os.o(.text)
    osMutexRelease                           0x000042d1   Thumb Code    68  cmsis_os.o(.text)
    osMutexDelete                            0x00004315   Thumb Code    24  cmsis_os.o(.text)
    osSemaphoreCreate                        0x0000432d   Thumb Code    44  cmsis_os.o(.text)
    osSemaphoreWait                          0x00004359   Thumb Code    96  cmsis_os.o(.text)
    osSemaphoreRelease                       0x000043b9   Thumb Code    68  cmsis_os.o(.text)
    osSemaphoreDelete                        0x000043fd   Thumb Code    24  cmsis_os.o(.text)
    osPoolCreate                             0x00004415   Thumb Code   112  cmsis_os.o(.text)
    osPoolAlloc                              0x00004485   Thumb Code   102  cmsis_os.o(.text)
    osPoolCAlloc                             0x000044eb   Thumb Code    22  cmsis_os.o(.text)
    osPoolFree                               0x00004501   Thumb Code    74  cmsis_os.o(.text)
    osMessageCreate                          0x0000454b   Thumb Code    18  cmsis_os.o(.text)
    osMessagePut                             0x0000455d   Thumb Code    84  cmsis_os.o(.text)
    osMessageGet                             0x000045b1   Thumb Code   150  cmsis_os.o(.text)
    osMailCreate                             0x00004647   Thumb Code   122  cmsis_os.o(.text)
    osMailAlloc                              0x000046c1   Thumb Code    24  cmsis_os.o(.text)
    osMailCAlloc                             0x000046d9   Thumb Code    44  cmsis_os.o(.text)
    osMailPut                                0x00004705   Thumb Code    82  cmsis_os.o(.text)
    osMailGet                                0x00004757   Thumb Code   140  cmsis_os.o(.text)
    osMailFree                               0x000047e3   Thumb Code    22  cmsis_os.o(.text)
    osSystickHandler                         0x000047f9   Thumb Code    16  cmsis_os.o(.text)
    osThreadSuspend                          0x00004809   Thumb Code    14  cmsis_os.o(.text)
    osThreadResume                           0x00004817   Thumb Code    38  cmsis_os.o(.text)
    osThreadSuspendAll                       0x0000483d   Thumb Code    10  cmsis_os.o(.text)
    osThreadResumeAll                        0x00004847   Thumb Code    18  cmsis_os.o(.text)
    osDelayUntil                             0x00004859   Thumb Code    28  cmsis_os.o(.text)
    osAbortDelay                             0x00004875   Thumb Code     6  cmsis_os.o(.text)
    osThreadList                             0x0000487b   Thumb Code     6  cmsis_os.o(.text)
    osMessagePeek                            0x00004881   Thumb Code    88  cmsis_os.o(.text)
    osMessageWaiting                         0x000048d9   Thumb Code    26  cmsis_os.o(.text)
    osMessageAvailableSpace                  0x000048f3   Thumb Code    12  cmsis_os.o(.text)
    osMessageDelete                          0x000048ff   Thumb Code    24  cmsis_os.o(.text)
    osRecursiveMutexCreate                   0x00004917   Thumb Code     6  cmsis_os.o(.text)
    osRecursiveMutexRelease                  0x0000491d   Thumb Code     6  cmsis_os.o(.text)
    osRecursiveMutexWait                     0x00004923   Thumb Code     6  cmsis_os.o(.text)
    osSemaphoreGetCount                      0x00004929   Thumb Code    12  cmsis_os.o(.text)
    xQueueGenericReset                       0x00004939   Thumb Code   128  queue.o(.text)
    xQueueGenericCreate                      0x000049e3   Thumb Code    82  queue.o(.text)
    xQueueGenericSend                        0x00004b4d   Thumb Code   360  queue.o(.text)
    xQueueCreateMutex                        0x00004cd1   Thumb Code    34  queue.o(.text)
    xQueueGenericSendFromISR                 0x00004cf3   Thumb Code   204  queue.o(.text)
    xQueueGiveFromISR                        0x00004dbf   Thumb Code   182  queue.o(.text)
    xQueueGenericReceive                     0x00004eb9   Thumb Code   390  queue.o(.text)
    xQueueReceiveFromISR                     0x0000503f   Thumb Code   166  queue.o(.text)
    xQueuePeekFromISR                        0x000050e5   Thumb Code   134  queue.o(.text)
    uxQueueMessagesWaiting                   0x0000516b   Thumb Code    36  queue.o(.text)
    uxQueueSpacesAvailable                   0x0000518f   Thumb Code    42  queue.o(.text)
    uxQueueMessagesWaitingFromISR            0x000051b9   Thumb Code    28  queue.o(.text)
    vQueueUnregisterQueue                    0x000051d5   Thumb Code    44  queue.o(.text)
    vQueueDelete                             0x00005201   Thumb Code    38  queue.o(.text)
    uxQueueGetQueueNumber                    0x00005227   Thumb Code     6  queue.o(.text)
    vQueueSetQueueNumber                     0x0000522d   Thumb Code     4  queue.o(.text)
    ucQueueGetQueueType                      0x00005231   Thumb Code     8  queue.o(.text)
    xQueueIsQueueEmptyFromISR                0x00005239   Thumb Code    36  queue.o(.text)
    xQueueIsQueueFullFromISR                 0x0000525d   Thumb Code    40  queue.o(.text)
    vQueueAddToRegistry                      0x00005285   Thumb Code    38  queue.o(.text)
    pcQueueGetName                           0x000052ab   Thumb Code    38  queue.o(.text)
    xTaskCreate                              0x00005459   Thumb Code    96  tasks.o(.text)
    vTaskDelete                              0x000054f5   Thumb Code   184  tasks.o(.text)
    xTaskIncrementTick                       0x000055ad   Thumb Code   356  tasks.o(.text)
    xTaskResumeAll                           0x00005711   Thumb Code   208  tasks.o(.text)
    vTaskSuspendAll                          0x0000585d   Thumb Code    12  tasks.o(.text)
    vTaskDelayUntil                          0x00005869   Thumb Code   170  tasks.o(.text)
    vTaskDelay                               0x00005913   Thumb Code    64  tasks.o(.text)
    eTaskGetState                            0x00005953   Thumb Code   106  tasks.o(.text)
    uxTaskPriorityGet                        0x000059bd   Thumb Code    30  tasks.o(.text)
    uxTaskPriorityGetFromISR                 0x000059db   Thumb Code    42  tasks.o(.text)
    vTaskPrioritySet                         0x00005a05   Thumb Code   300  tasks.o(.text)
    vTaskSwitchContext                       0x00005b31   Thumb Code   114  tasks.o(.text)
    vTaskSuspend                             0x00005ba3   Thumb Code   178  tasks.o(.text)
    vTaskResume                              0x00005ca1   Thumb Code   110  tasks.o(.text)
    xTaskResumeFromISR                       0x00005d0f   Thumb Code   132  tasks.o(.text)
    vTaskStartScheduler                      0x00005dfd   Thumb Code    94  tasks.o(.text)
    vTaskEndScheduler                        0x00005e5b   Thumb Code    26  tasks.o(.text)
    xTaskGetTickCount                        0x00005e75   Thumb Code     6  tasks.o(.text)
    xTaskGetTickCountFromISR                 0x00005e7b   Thumb Code    16  tasks.o(.text)
    uxTaskGetNumberOfTasks                   0x00005e8b   Thumb Code     6  tasks.o(.text)
    pcTaskGetName                            0x00005e91   Thumb Code    40  tasks.o(.text)
    vTaskGetInfo                             0x00005ecf   Thumb Code   182  tasks.o(.text)
    uxTaskGetSystemState                     0x00005fef   Thumb Code   152  tasks.o(.text)
    vTaskPlaceOnEventList                    0x00006087   Thumb Code    46  tasks.o(.text)
    vTaskPlaceOnUnorderedEventList           0x000060b5   Thumb Code    88  tasks.o(.text)
    xTaskRemoveFromEventList                 0x0000610d   Thumb Code   122  tasks.o(.text)
    xTaskRemoveFromUnorderedEventList        0x00006187   Thumb Code   142  tasks.o(.text)
    vTaskSetTimeOutState                     0x00006215   Thumb Code    36  tasks.o(.text)
    xTaskCheckForTimeOut                     0x00006239   Thumb Code   124  tasks.o(.text)
    vTaskMissedYield                         0x000062b5   Thumb Code     8  tasks.o(.text)
    uxTaskGetTaskNumber                      0x000062bd   Thumb Code    14  tasks.o(.text)
    vTaskSetTaskNumber                       0x000062cb   Thumb Code     8  tasks.o(.text)
    xTaskGetCurrentTaskHandle                0x000062d3   Thumb Code     6  tasks.o(.text)
    xTaskGetSchedulerState                   0x000062d9   Thumb Code    24  tasks.o(.text)
    vTaskPriorityInherit                     0x000062f1   Thumb Code   164  tasks.o(.text)
    xTaskPriorityDisinherit                  0x00006395   Thumb Code   236  tasks.o(.text)
    uxTaskResetEventItemValue                0x00006481   Thumb Code    24  tasks.o(.text)
    pvTaskIncrementMutexHeldCount            0x00006499   Thumb Code    26  tasks.o(.text)
    ulTaskNotifyTake                         0x000064b3   Thumb Code    96  tasks.o(.text)
    xTaskNotifyWait                          0x00006513   Thumb Code   138  tasks.o(.text)
    xTaskGenericNotify                       0x0000659d   Thumb Code   218  tasks.o(.text)
    xTaskGenericNotifyFromISR                0x00006677   Thumb Code   264  tasks.o(.text)
    vTaskNotifyGiveFromISR                   0x0000677f   Thumb Code   206  tasks.o(.text)
    xTaskNotifyStateClear                    0x0000684d   Thumb Code    48  tasks.o(.text)
    vListInitialise                          0x00006885   Thumb Code    26  list.o(.text)
    vListInitialiseItem                      0x0000689f   Thumb Code     6  list.o(.text)
    vListInsertEnd                           0x000068a5   Thumb Code    24  list.o(.text)
    vListInsert                              0x000068bd   Thumb Code    52  list.o(.text)
    uxListRemove                             0x000068f1   Thumb Code    40  list.o(.text)
    pvPortMalloc                             0x000069db   Thumb Code   278  heap_4.o(.text)
    vPortFree                                0x00006af1   Thumb Code   128  heap_4.o(.text)
    xPortGetFreeHeapSize                     0x00006b71   Thumb Code     6  heap_4.o(.text)
    xPortGetMinimumEverFreeHeapSize          0x00006b77   Thumb Code     6  heap_4.o(.text)
    vPortInitialiseBlocks                    0x00006b7d   Thumb Code     2  heap_4.o(.text)
    privilegedASSERT                         0x00006b99   Thumb Code    14  port.o(.text)
    pxPortInitialiseStack                    0x00006bd7   Thumb Code    30  port.o(.text)
    vPortSetupTimerInterrupt                 0x00006bf5   Thumb Code    26  port.o(.text)
    xPortStartScheduler                      0x00006c0f   Thumb Code   154  port.o(.text)
    vPortEndScheduler                        0x00006ca9   Thumb Code    38  port.o(.text)
    vPortYield                               0x00006ccf   Thumb Code    20  port.o(.text)
    vPortEnterCritical                       0x00006ce3   Thumb Code    94  port.o(.text)
    vPortExitCritical                        0x00006d41   Thumb Code    56  port.o(.text)
    xPortSysTickHandler                      0x00006d79   Thumb Code    30  port.o(.text)
    vPortValidateInterruptPriority           0x00006d97   Thumb Code    96  port.o(.text)
    __aeabi_memcpy                           0x00006e15   Thumb Code    36  memcpya.o(.text)
    __aeabi_memcpy4                          0x00006e15   Thumb Code     0  memcpya.o(.text)
    __aeabi_memcpy8                          0x00006e15   Thumb Code     0  memcpya.o(.text)
    __aeabi_memset                           0x00006e39   Thumb Code    14  memseta.o(.text)
    __aeabi_memset4                          0x00006e39   Thumb Code     0  memseta.o(.text)
    __aeabi_memset8                          0x00006e39   Thumb Code     0  memseta.o(.text)
    __aeabi_memclr                           0x00006e47   Thumb Code     4  memseta.o(.text)
    __aeabi_memclr4                          0x00006e47   Thumb Code     0  memseta.o(.text)
    __aeabi_memclr8                          0x00006e47   Thumb Code     0  memseta.o(.text)
    _memset$wrapper                          0x00006e4b   Thumb Code    18  memseta.o(.text)
    __aeabi_uldivmod                         0x00006e5d   Thumb Code    98  uldiv.o(.text)
    __scatterload                            0x00006ec1   Thumb Code    28  init.o(.text)
    __scatterload_rt2                        0x00006ec1   Thumb Code     0  init.o(.text)
    __aeabi_llsl                             0x00006ee5   Thumb Code    30  llshl.o(.text)
    _ll_shift_l                              0x00006ee5   Thumb Code     0  llshl.o(.text)
    __aeabi_llsr                             0x00006f03   Thumb Code    32  llushr.o(.text)
    _ll_ushift_r                             0x00006f03   Thumb Code     0  llushr.o(.text)
    __0printf$5                              0x00006f25   Thumb Code    22  printf5.o(i.__0printf$5)
    __1printf$5                              0x00006f25   Thumb Code     0  printf5.o(i.__0printf$5)
    __2printf                                0x00006f25   Thumb Code     0  printf5.o(i.__0printf$5)
    __scatterload_copy                       0x00006f45   Thumb Code    14  handlers.o(i.__scatterload_copy)
    __scatterload_null                       0x00006f53   Thumb Code     2  handlers.o(i.__scatterload_null)
    __scatterload_zeroinit                   0x00006f55   Thumb Code    14  handlers.o(i.__scatterload_zeroinit)
    StartDefaultTask1                        0x00007225   Thumb Code    48  main.o(ram)
    StartDefaultTask3                        0x00007255   Thumb Code    34  main.o(ram)
    data_test                                0x0000729c   Data       16384  main.o(.constdata)
    TRNG_RNG_AMA_PD_Mask                     0x0000b30c   Data           4  mhscpu_trng.o(.constdata)
    TRNG_RNG_AMA_ANA_OUT_Mask                0x0000b310   Data           4  mhscpu_trng.o(.constdata)
    TRNG_RNG_CSR_S128_Mask                   0x0000b314   Data           4  mhscpu_trng.o(.constdata)
    TRNG_RNG_CSR_ATTACK_Mask                 0x0000b318   Data           4  mhscpu_trng.o(.constdata)
    Region$$Table$$Base                      0x0000b358   Number         0  anon$$obj.o(Region$$Table)
    Region$$Table$$Limit                     0x0000b378   Number         0  anon$$obj.o(Region$$Table)
    defaultTaskHandle                        0x20000000   Data           4  main.o(.data)
    TIM_InitStruct                           0x20000004   Data           8  main.o(.data)
    uwTick                                   0x2000000c   Data           4  mhunt_it.o(.data)
    SystemCoreClock                          0x20000010   Data           4  system_mhscpu.o(.data)
    pxCurrentTCB                             0x20000014   Data           4  tasks.o(.data)
    __stdout                                 0x20000074   Data           4  stdout.o(.data)
    DMA_InitStruct                           0x20000078   Data          52  main.o(.bss)
    CRC_Config                               0x200000ac   Data          12  main.o(.bss)
    test_buffer                              0x200000b8   Data         128  main.o(.bss)
    xQueueRegistry                           0x20000148   Data          64  queue.o(.bss)
    __initial_sp                             0x2000be78   Data           0  startup_mhscpu.o(STACK)



==============================================================================

Memory Map of the image

  Image Entry point : 0x0000010d

  Load Region LR_IROM1 (Base: 0x00000000, Size: 0x0000b3f0, Max: 0x00040000, ABSOLUTE)

    Execution Region ER_IROM1 (Base: 0x00000000, Size: 0x0000b378, Max: 0x00040000, ABSOLUTE)

    Base Addr    Size         Type   Attr      Idx    E Section Name        Object

    0x00000000   0x0000010c   Data   RO          200    RESET               startup_mhscpu.o
    0x0000010c   0x00000000   Code   RO          781  * .ARM.Collect$$$$00000000  mc_w.l(entry.o)
    0x0000010c   0x00000004   Code   RO         1051    .ARM.Collect$$$$00000001  mc_w.l(entry2.o)
    0x00000110   0x00000004   Code   RO         1054    .ARM.Collect$$$$00000004  mc_w.l(entry5.o)
    0x00000114   0x00000000   Code   RO         1056    .ARM.Collect$$$$00000008  mc_w.l(entry7b.o)
    0x00000114   0x00000000   Code   RO         1058    .ARM.Collect$$$$0000000A  mc_w.l(entry8b.o)
    0x00000114   0x00000008   Code   RO         1059    .ARM.Collect$$$$0000000B  mc_w.l(entry9a.o)
    0x0000011c   0x00000000   Code   RO         1061    .ARM.Collect$$$$0000000D  mc_w.l(entry10a.o)
    0x0000011c   0x00000000   Code   RO         1063    .ARM.Collect$$$$0000000F  mc_w.l(entry11a.o)
    0x0000011c   0x00000004   Code   RO         1052    .ARM.Collect$$$$00002712  mc_w.l(entry2.o)
    0x00000120   0x00000018   Code   RO          236    .emb_text           mhscpu_sysctrl.o
    0x00000138   0x000000de   Code   RO          748    .emb_text           port.o
    0x00000216   0x00000002   PAD
    0x00000218   0x00000388   Code   RO            4    .text               main.o
    0x000005a0   0x00000054   Code   RO          170    .text               mhunt_it.o
    0x000005f4   0x00000038   Code   RO          201    .text               startup_mhscpu.o
    0x0000062c   0x00000504   Code   RO          237    .text               mhscpu_sysctrl.o
    0x00000b30   0x000009e8   Code   RO          264    .text               mhscpu_gpio.o
    0x00001518   0x00000442   Code   RO          291    .text               mhscpu_uart.o
    0x0000195a   0x00000002   PAD
    0x0000195c   0x00000b98   Code   RO          315    .text               mhscpu_dma.o
    0x000024f4   0x00000304   Code   RO          339    .text               mhscpu_timer.o
    0x000027f8   0x0000095e   Code   RO          363    .text               mhscpu_spi.o
    0x00003156   0x00000002   PAD
    0x00003158   0x000001f8   Code   RO          411    .text               mhscpu_bpk.o
    0x00003350   0x00000130   Code   RO          435    .text               mhscpu_crc.o
    0x00003480   0x0000012c   Code   RO          459    .text               mhscpu_exti.o
    0x000035ac   0x00000164   Code   RO          483    .text               mhscpu_rtc.o
    0x00003710   0x000004c8   Code   RO          507    .text               mhscpu_sensor.o
    0x00003bd8   0x000001a0   Code   RO          531    .text               mhscpu_trng.o
    0x00003d78   0x000002fc   Code   RO          558    .text               mhscpu_ssc.o
    0x00004074   0x00000014   Code   RO          582    .text               system_mhscpu.o
    0x00004088   0x000008b0   Code   RO          611    .text               cmsis_os.o
    0x00004938   0x0000099c   Code   RO          639    .text               queue.o
    0x000052d4   0x000015b0   Code   RO          666    .text               tasks.o
    0x00006884   0x00000094   Code   RO          718    .text               list.o
    0x00006918   0x00000280   Code   RO          730    .text               heap_4.o
    0x00006b98   0x0000027c   Code   RO          749    .text               port.o
    0x00006e14   0x00000024   Code   RO          784    .text               mc_w.l(memcpya.o)
    0x00006e38   0x00000024   Code   RO          786    .text               mc_w.l(memseta.o)
    0x00006e5c   0x00000062   Code   RO         1068    .text               mc_w.l(uldiv.o)
    0x00006ebe   0x00000002   PAD
    0x00006ec0   0x00000024   Code   RO         1081    .text               mc_w.l(init.o)
    0x00006ee4   0x0000001e   Code   RO         1083    .text               mc_w.l(llshl.o)
    0x00006f02   0x00000020   Code   RO         1085    .text               mc_w.l(llushr.o)
    0x00006f22   0x00000002   PAD
    0x00006f24   0x00000020   Code   RO          923    i.__0printf$5       mc_w.l(printf5.o)
    0x00006f44   0x0000000e   Code   RO         1093    i.__scatterload_copy  mc_w.l(handlers.o)
    0x00006f52   0x00000002   Code   RO         1094    i.__scatterload_null  mc_w.l(handlers.o)
    0x00006f54   0x0000000e   Code   RO         1095    i.__scatterload_zeroinit  mc_w.l(handlers.o)
    0x00006f62   0x00000002   PAD
    0x00006f64   0x000002c0   Code   RO          930    i._printf_core      mc_w.l(printf5.o)
    0x00007224   0x00000078   Code   RO            5    ram                 main.o
    0x0000729c   0x00004050   Data   RO            7    .constdata          main.o
    0x0000b2ec   0x00000020   Data   RO          266    .constdata          mhscpu_gpio.o
    0x0000b30c   0x00000010   Data   RO          532    .constdata          mhscpu_trng.o
    0x0000b31c   0x0000003c   Data   RO            8    .conststring        main.o
    0x0000b358   0x00000020   Data   RO         1091    Region$$Table       anon$$obj.o


    Execution Region RW_IRAM1 (Base: 0x20000000, Size: 0x0000be78, Max: 0x00020000, ABSOLUTE)

    Base Addr    Size         Type   Attr      Idx    E Section Name        Object

    0x20000000   0x0000000c   Data   RW            9    .data               main.o
    0x2000000c   0x00000004   Data   RW          171    .data               mhunt_it.o
    0x20000010   0x00000004   Data   RW          583    .data               system_mhscpu.o
    0x20000014   0x0000003c   Data   RW          668    .data               tasks.o
    0x20000050   0x00000018   Data   RW          732    .data               heap_4.o
    0x20000068   0x0000000c   Data   RW          750    .data               port.o
    0x20000074   0x00000004   Data   RW         1065    .data               mc_w.l(stdout.o)
    0x20000078   0x000000c0   Zero   RW            6    .bss                main.o
    0x20000138   0x00000010   Zero   RW          265    .bss                mhscpu_gpio.o
    0x20000148   0x00000040   Zero   RW          640    .bss                queue.o
    0x20000188   0x000000f0   Zero   RW          667    .bss                tasks.o
    0x20000278   0x00003c00   Zero   RW          731    .bss                heap_4.o
    0x20003e78   0x00008000   Zero   RW          198    STACK               startup_mhscpu.o


==============================================================================

Image component sizes


      Code (inc. data)   RO Data    RW Data    ZI Data      Debug   Object Name

      2224         10          0          0          0      20412   cmsis_os.o
       640         26          0         24      15360       3424   heap_4.o
       148          0          0          0          0       1914   list.o
      1024        176      16524         12        192     150928   main.o
       504         60          0          0          0       3005   mhscpu_bpk.o
       304         12          0          0          0       1876   mhscpu_crc.o
      2968         82          0          0          0       8907   mhscpu_dma.o
       300         66          0          0          0       1519   mhscpu_exti.o
      2536        116         32          0         16       6034   mhscpu_gpio.o
       356         62          0          0          0       2215   mhscpu_rtc.o
      1224         72          0          0          0       7968   mhscpu_sensor.o
      2398         86          0          0          0       6774   mhscpu_spi.o
       764         66          0          0          0       3013   mhscpu_ssc.o
      1308        136          0          0          0       4147   mhscpu_sysctrl.o
       772         60          0          0          0       4293   mhscpu_timer.o
       416         72         16          0          0       3002   mhscpu_trng.o
      1090         76          0          0          0       7964   mhscpu_uart.o
        84          4          0          4          0       2222   mhunt_it.o
       858         42          0         12          0       9287   port.o
      2460          4          0          0         64      13429   queue.o
        56         18        268          0      32768        924   startup_mhscpu.o
        20         10          0          4          0       1009   system_mhscpu.o
      5552        306          0         60        240      21714   tasks.o

    ----------------------------------------------------------------------
     28012       1562      16872        116      48640     285980   Object Totals
         0          0         32          0          0          0   (incl. Generated)
         6          0          0          0          0          0   (incl. Padding)

    ----------------------------------------------------------------------

      Code (inc. data)   RO Data    RW Data    ZI Data      Debug   Library Member Name

         0          0          0          0          0          0   entry.o
         0          0          0          0          0          0   entry10a.o
         0          0          0          0          0          0   entry11a.o
         8          4          0          0          0          0   entry2.o
         4          0          0          0          0          0   entry5.o
         0          0          0          0          0          0   entry7b.o
         0          0          0          0          0          0   entry8b.o
         8          4          0          0          0          0   entry9a.o
        30          0          0          0          0          0   handlers.o
        36          8          0          0          0         68   init.o
        30          0          0          0          0         68   llshl.o
        32          0          0          0          0         68   llushr.o
        36          0          0          0          0         68   memcpya.o
        36          0          0          0          0        108   memseta.o
       736         56          0          0          0        184   printf5.o
         0          0          0          4          0          0   stdout.o
        98          0          0          0          0         92   uldiv.o

    ----------------------------------------------------------------------
      1060         72          0          4          0        656   Library Totals
         6          0          0          0          0          0   (incl. Padding)

    ----------------------------------------------------------------------

      Code (inc. data)   RO Data    RW Data    ZI Data      Debug   Library Name

      1054         72          0          4          0        656   mc_w.l

    ----------------------------------------------------------------------
      1060         72          0          4          0        656   Library Totals

    ----------------------------------------------------------------------

==============================================================================


      Code (inc. data)   RO Data    RW Data    ZI Data      Debug   

     29072       1634      16872        120      48640     283460   Grand Totals
     29072       1634      16872        120      48640     283460   ELF Image Totals
     29072       1634      16872        120          0          0   ROM Totals

==============================================================================

    Total RO  Size (Code + RO Data)                45944 (  44.87kB)
    Total RW  Size (RW Data + ZI Data)             48760 (  47.62kB)
    Total ROM Size (Code + RO Data + RW Data)      46064 (  44.98kB)

==============================================================================

